Archive member included because of file (symbol)

C:\Users\hn\AppData\Local\arduino15\packages\arduino\hardware\sam\1.6.11\variants\arduino_due_x/libsam_sam3x8e_gcc_rel.a(pio.o)
                              C:\Users\hn\AppData\Local\Temp\VMBuilds\arduino\arduino_due_x_dbg\Debug\Wire\Wire.cpp.o (PIO_Configure)
C:\Users\hn\AppData\Local\arduino15\packages\arduino\hardware\sam\1.6.11\variants\arduino_due_x/libsam_sam3x8e_gcc_rel.a(pmc.o)
                              C:\Users\hn\AppData\Local\Temp\VMBuilds\arduino\arduino_due_x_dbg\Debug\Wire\Wire.cpp.o (pmc_enable_periph_clk)
C:\Users\hn\AppData\Local\arduino15\packages\arduino\hardware\sam\1.6.11\variants\arduino_due_x/libsam_sam3x8e_gcc_rel.a(twi.o)
                              C:\Users\hn\AppData\Local\Temp\VMBuilds\arduino\arduino_due_x_dbg\Debug\Wire\Wire.cpp.o (TWI_SetClock)
C:\Users\hn\AppData\Local\arduino15\packages\arduino\hardware\sam\1.6.11\variants\arduino_due_x/libsam_sam3x8e_gcc_rel.a(system_sam3xa.o)
                              C:\Users\hn\AppData\Local\Temp\VMBuilds\arduino\arduino_due_x_dbg\Debug\variant\variant.cpp.o (SystemInit)
C:\Users\hn\AppData\Local\arduino15\packages\arduino\hardware\sam\1.6.11\variants\arduino_due_x/libsam_sam3x8e_gcc_rel.a(startup_sam3xa.o)
                              (Reset_Handler)
C:\Users\hn\AppData\Local\arduino15\packages\arduino\hardware\sam\1.6.11\variants\arduino_due_x/libsam_sam3x8e_gcc_rel.a(adc.o)
                              C:\Users\hn\AppData\Local\Temp\VMBuilds\arduino\arduino_due_x_dbg\Debug\variant\variant.cpp.o (adc_init)
C:\Users\hn\AppData\Local\arduino15\packages\arduino\hardware\sam\1.6.11\variants\arduino_due_x/libsam_sam3x8e_gcc_rel.a(uotghs.o)
                              C:\Users\hn\AppData\Local\arduino15\packages\arduino\hardware\sam\1.6.11\variants\arduino_due_x/libsam_sam3x8e_gcc_rel.a(startup_sam3xa.o) (UOTGHS_Handler)
C:\Users\hn\AppData\Local\Temp\VMBuilds\arduino\arduino_due_x_dbg\Debug/core.a(cortex_handlers.c.o)
                              C:\Users\hn\AppData\Local\arduino15\packages\arduino\hardware\sam\1.6.11\variants\arduino_due_x/libsam_sam3x8e_gcc_rel.a(startup_sam3xa.o) (NMI_Handler)
C:\Users\hn\AppData\Local\Temp\VMBuilds\arduino\arduino_due_x_dbg\Debug/core.a(hooks.c.o)
                              C:\Users\hn\AppData\Local\Temp\VMBuilds\arduino\arduino_due_x_dbg\Debug/core.a(cortex_handlers.c.o) (sysTickHook)
C:\Users\hn\AppData\Local\Temp\VMBuilds\arduino\arduino_due_x_dbg\Debug/core.a(syscalls_sam3.c.o)
                              (_sbrk)
C:\Users\hn\AppData\Local\Temp\VMBuilds\arduino\arduino_due_x_dbg\Debug/core.a(wiring.c.o)
                              C:\Users\hn\AppData\Local\Temp\VMBuilds\arduino\arduino_due_x_dbg\Debug\Sabertooth\Sabertooth.cpp.o (delay)
C:\Users\hn\AppData\Local\Temp\VMBuilds\arduino\arduino_due_x_dbg\Debug/core.a(wiring_analog.c.o)
                              C:\Users\hn\AppData\Local\Temp\VMBuilds\arduino\arduino_due_x_dbg\Debug\variant\variant.cpp.o (analogOutputInit)
C:\Users\hn\AppData\Local\Temp\VMBuilds\arduino\arduino_due_x_dbg\Debug/core.a(wiring_digital.c.o)
                              C:\Users\hn\AppData\Local\Temp\VMBuilds\arduino\arduino_due_x_dbg\Debug/core.a(wiring_analog.c.o) (pinMode)
C:\Users\hn\AppData\Local\Temp\VMBuilds\arduino\arduino_due_x_dbg\Debug/core.a(abi.cpp.o)
                              C:\Users\hn\AppData\Local\Temp\VMBuilds\arduino\arduino_due_x_dbg\Debug\Wire\Wire.cpp.o (__cxa_pure_virtual)
C:\Users\hn\AppData\Local\Temp\VMBuilds\arduino\arduino_due_x_dbg\Debug/core.a(main.cpp.o)
                              c:/users/hn/appdata/local/arduino15/packages/arduino/tools/arm-none-eabi-gcc/4.8.3-2014q1/bin/../lib/gcc/arm-none-eabi/4.8.3/../../../../arm-none-eabi/lib/armv7-m/crt0.o (main)
C:\Users\hn\AppData\Local\Temp\VMBuilds\arduino\arduino_due_x_dbg\Debug/core.a(Print.cpp.o)
                              C:\Users\hn\AppData\Local\Temp\VMBuilds\arduino\arduino_due_x_dbg\Debug\Wire\Wire.cpp.o (Print::write(unsigned char const*, unsigned int))
C:\Users\hn\AppData\Local\Temp\VMBuilds\arduino\arduino_due_x_dbg\Debug/core.a(Reset.cpp.o)
                              C:\Users\hn\AppData\Local\Temp\VMBuilds\arduino\arduino_due_x_dbg\Debug/core.a(cortex_handlers.c.o) (tickReset)
C:\Users\hn\AppData\Local\Temp\VMBuilds\arduino\arduino_due_x_dbg\Debug/core.a(RingBuffer.cpp.o)
                              C:\Users\hn\AppData\Local\Temp\VMBuilds\arduino\arduino_due_x_dbg\Debug\variant\variant.cpp.o (RingBuffer::RingBuffer())
C:\Users\hn\AppData\Local\Temp\VMBuilds\arduino\arduino_due_x_dbg\Debug/core.a(UARTClass.cpp.o)
                              C:\Users\hn\AppData\Local\Temp\VMBuilds\arduino\arduino_due_x_dbg\Debug\variant\variant.cpp.o (UARTClass::available())
C:\Users\hn\AppData\Local\Temp\VMBuilds\arduino\arduino_due_x_dbg\Debug/core.a(USARTClass.cpp.o)
[...]
Memory Configuration

Name             Origin             Length             Attributes
rom              0x00080000         0x00080000         xr
sram0            0x20000000         0x00010000         xrw
sram1            0x20080000         0x00008000         xrw
ram              0x20070000         0x00018000         xrw
*default*        0x00000000         0xffffffff

Linker script and memory map

LOAD c:/users/hn/appdata/local/arduino15/packages/arduino/tools/arm-none-eabi-gcc/4.8.3-2014q1/bin/../lib/gcc/arm-none-eabi/4.8.3/armv7-m/crti.o
LOAD c:/users/hn/appdata/local/arduino15/packages/arduino/tools/arm-none-eabi-gcc/4.8.3-2014q1/bin/../lib/gcc/arm-none-eabi/4.8.3/armv7-m/crtbegin.o
LOAD c:/users/hn/appdata/local/arduino15/packages/arduino/tools/arm-none-eabi-gcc/4.8.3-2014q1/bin/../lib/gcc/arm-none-eabi/4.8.3/../../../../arm-none-eabi/lib/armv7-m/crt0.o
START GROUP
LOAD C:\Users\hn\AppData\Local\Temp\VMBuilds\arduino\arduino_due_x_dbg\Debug\arduino.cpp.o
LOAD C:\Users\hn\AppData\Local\Temp\VMBuilds\arduino\arduino_due_x_dbg\Debug\Wire\Wire.cpp.o
LOAD C:\Users\hn\AppData\Local\Temp\VMBuilds\arduino\arduino_due_x_dbg\Debug\Sabertooth\Sabertooth.cpp.o
LOAD C:\Users\hn\AppData\Local\Temp\VMBuilds\arduino\arduino_due_x_dbg\Debug\variant\variant.cpp.o
LOAD C:\Users\hn\AppData\Local\arduino15\packages\arduino\hardware\sam\1.6.11\variants\arduino_due_x/libsam_sam3x8e_gcc_rel.a
LOAD C:\Users\hn\AppData\Local\Temp\VMBuilds\arduino\arduino_due_x_dbg\Debug/core.a
END GROUP
LOAD c:/users/hn/appdata/local/arduino15/packages/arduino/tools/arm-none-eabi-gcc/4.8.3-2014q1/bin/../lib/gcc/arm-none-eabi/4.8.3/../../../../arm-none-eabi/lib/armv7-m\libm.a
START GROUP
LOAD c:/users/hn/appdata/local/arduino15/packages/arduino/tools/arm-none-eabi-gcc/4.8.3-2014q1/bin/../lib/gcc/arm-none-eabi/4.8.3/armv7-m\libgcc.a
LOAD c:/users/hn/appdata/local/arduino15/packages/arduino/tools/arm-none-eabi-gcc/4.8.3-2014q1/bin/../lib/gcc/arm-none-eabi/4.8.3/../../../../arm-none-eabi/lib/armv7-m\libg.a
LOAD c:/users/hn/appdata/local/arduino15/packages/arduino/tools/arm-none-eabi-gcc/4.8.3-2014q1/bin/../lib/gcc/arm-none-eabi/4.8.3/../../../../arm-none-eabi/lib/armv7-m\libc.a
END GROUP
LOAD c:/users/hn/appdata/local/arduino15/packages/arduino/tools/arm-none-eabi-gcc/4.8.3-2014q1/bin/../lib/gcc/arm-none-eabi/4.8.3/armv7-m/crtend.o
LOAD c:/users/hn/appdata/local/arduino15/packages/arduino/tools/arm-none-eabi-gcc/4.8.3-2014q1/bin/../lib/gcc/arm-none-eabi/4.8.3/armv7-m/crtn.o

.text           0x00080000     0x5ee4
                0x00080000                . = ALIGN (0x4)
                0x00080000                _sfixed = .
 *(.vectors .vectors.*)
 .vectors       0x00080000       0xf4 C:\Users\hn\AppData\Local\arduino15\packages\arduino\hardware\sam\1.6.11\variants\arduino_due_x/libsam_sam3x8e_gcc_rel.a(startup_sam3xa.o)
                0x00080000                exception_table
 *(.text .text.* .gnu.linkonce.t.*)
 .text          0x000800f4       0x54 c:/users/hn/appdata/local/arduino15/packages/arduino/tools/arm-none-eabi-gcc/4.8.3-2014q1/bin/../lib/gcc/arm-none-eabi/4.8.3/armv7-m/crtbegin.o
 .text._Z12onI2CRequestv
                0x00080148       0x2c C:\Users\hn\AppData\Local\Temp\VMBuilds\arduino\arduino_due_x_dbg\Debug\arduino.cpp.o
                0x00080148                onI2CRequest()
 .text.loop     0x00080174        0x2 C:\Users\hn\AppData\Local\Temp\VMBuilds\arduino\arduino_due_x_dbg\Debug\arduino.cpp.o
                0x00080174                loop
 *fill*         0x00080176        0x2 
 .text._Z12I2CTestSetupv
                0x00080178       0x38 C:\Users\hn\AppData\Local\Temp\VMBuilds\arduino\arduino_due_x_dbg\Debug\arduino.cpp.o
                0x00080178                I2CTestSetup()
 .text.startup._GLOBAL__sub_I_ST
                0x000801b0        0xc C:\Users\hn\AppData\Local\Temp\VMBuilds\arduino\arduino_due_x_dbg\Debug\arduino.cpp.o
 .text.setup    0x000801bc       0x34 C:\Users\hn\AppData\Local\Temp\VMBuilds\arduino\arduino_due_x_dbg\Debug\arduino.cpp.o
                0x000801bc                setup
 .text._Z12onI2CReceivei
                0x000801f0       0x40 C:\Users\hn\AppData\Local\Temp\VMBuilds\arduino\arduino_due_x_dbg\Debug\arduino.cpp.o
                0x000801f0                onI2CReceive(int)
 .text._ZN7TwoWire5writeEPKhj
                0x00080230       0x50 C:\Users\hn\AppData\Local\Temp\VMBuilds\arduino\arduino_due_x_dbg\Debug\Wire\Wire.cpp.o
                0x00080230                TwoWire::write(unsigned char const*, unsigned int)
 .text._ZN7TwoWire9availableEv
                0x00080280        0xc C:\Users\hn\AppData\Local\Temp\VMBuilds\arduino\arduino_due_x_dbg\Debug\Wire\Wire.cpp.o
                0x00080280                TwoWire::available()
 .text._ZN7TwoWire4readEv
                0x0008028c       0x1e C:\Users\hn\AppData\Local\Temp\VMBuilds\arduino\arduino_due_x_dbg\Debug\Wire\Wire.cpp.o
                0x0008028c                TwoWire::read()
 .text._ZN7TwoWire4peekEv
                0x000802aa       0x16 C:\Users\hn\AppData\Local\Temp\VMBuilds\arduino\arduino_due_x_dbg\Debug\Wire\Wire.cpp.o
                0x000802aa                TwoWire::peek()
 .text._ZN7TwoWire5flushEv
                0x000802c0        0x2 C:\Users\hn\AppData\Local\Temp\VMBuilds\arduino\arduino_due_x_dbg\Debug\Wire\Wire.cpp.o
                0x000802c0                TwoWire::flush()
 .text._ZN7TwoWire5writeEh
                0x000802c2       0x3a C:\Users\hn\AppData\Local\Temp\VMBuilds\arduino\arduino_due_x_dbg\Debug\Wire\Wire.cpp.o
                0x000802c2                TwoWire::write(unsigned char)
 .text._ZL9Wire_Initv
                0x000802fc       0x54 C:\Users\hn\AppData\Local\Temp\VMBuilds\arduino\arduino_due_x_dbg\Debug\Wire\Wire.cpp.o
 .text._ZL12Wire1_Deinitv
                0x00080350       0x18 C:\Users\hn\AppData\Local\Temp\VMBuilds\arduino\arduino_due_x_dbg\Debug\Wire\Wire.cpp.o
 .text._ZL11Wire_Deinitv
                0x00080368       0x18 C:\Users\hn\AppData\Local\Temp\VMBuilds\arduino\arduino_due_x_dbg\Debug\Wire\Wire.cpp.o
 .text._ZL10Wire1_Initv
                0x00080380       0x54 C:\Users\hn\AppData\Local\Temp\VMBuilds\arduino\arduino_due_x_dbg\Debug\Wire\Wire.cpp.o
 .text._ZN7TwoWireC2EP3TwiPFvvES3_
                0x000803d4       0x48 C:\Users\hn\AppData\Local\Temp\VMBuilds\arduino\arduino_due_x_dbg\Debug\Wire\Wire.cpp.o
                0x000803d4                TwoWire::TwoWire(Twi*, void (*)(), void (*)())
                0x000803d4                TwoWire::TwoWire(Twi*, void (*)(), void (*)())
 .text._ZN7TwoWire5beginEh
                0x0008041c       0x34 C:\Users\hn\AppData\Local\Temp\VMBuilds\arduino\arduino_due_x_dbg\Debug\Wire\Wire.cpp.o
                0x0008041c                TwoWire::begin(unsigned char)
 .text._ZN7TwoWire5beginEi
                0x00080450        0x6 C:\Users\hn\AppData\Local\Temp\VMBuilds\arduino\arduino_due_x_dbg\Debug\Wire\Wire.cpp.o
                0x00080450                TwoWire::begin(int)
 *fill*         0x00080456        0x2 
 .text._ZN7TwoWire8setClockEm
                0x00080458       0x14 C:\Users\hn\AppData\Local\Temp\VMBuilds\arduino\arduino_due_x_dbg\Debug\Wire\Wire.cpp.o
                0x00080458                TwoWire::setClock(unsigned long)
 .text._ZN7TwoWire9onReceiveEPFviE
                0x0008046c        0x4 C:\Users\hn\AppData\Local\Temp\VMBuilds\arduino\arduino_due_x_dbg\Debug\Wire\Wire.cpp.o
                0x0008046c                TwoWire::onReceive(void (*)(int))
 .text._ZN7TwoWire9onRequestEPFvvE
                0x00080470        0x4 C:\Users\hn\AppData\Local\Temp\VMBuilds\arduino\arduino_due_x_dbg\Debug\Wire\Wire.cpp.o
                0x00080470                TwoWire::onRequest(void (*)())
 .text._ZN7TwoWire9onServiceEv
                0x00080474      0x118 C:\Users\hn\AppData\Local\Temp\VMBuilds\arduino\arduino_due_x_dbg\Debug\Wire\Wire.cpp.o
                0x00080474                TwoWire::onService()
 .text.TWI1_Handler
                0x0008058c        0xc C:\Users\hn\AppData\Local\Temp\VMBuilds\arduino\arduino_due_x_dbg\Debug\Wire\Wire.cpp.o
                0x0008058c                TWI1_Handler
 .text.TWI0_Handler
                0x00080598        0xc C:\Users\hn\AppData\Local\Temp\VMBuilds\arduino\arduino_due_x_dbg\Debug\Wire\Wire.cpp.o
                0x00080598                TWI0_Handler
 .text.startup._GLOBAL__sub_I__ZN7TwoWireC2EP3TwiPFvvES3_
                0x000805a4       0x40 C:\Users\hn\AppData\Local\Temp\VMBuilds\arduino\arduino_due_x_dbg\Debug\Wire\Wire.cpp.o
 .text._ZN10SabertoothC2Eh
                0x000805e4        0xc C:\Users\hn\AppData\Local\Temp\VMBuilds\arduino\arduino_due_x_dbg\Debug\Sabertooth\Sabertooth.cpp.o
                0x000805e4                Sabertooth::Sabertooth(unsigned char)
                0x000805e4                Sabertooth::Sabertooth(unsigned char)
 .text._ZN10Sabertooth8autobaudER6Streamb
                0x000805f0       0x32 C:\Users\hn\AppData\Local\Temp\VMBuilds\arduino\arduino_due_x_dbg\Debug\Sabertooth\Sabertooth.cpp.o
                0x000805f0                Sabertooth::autobaud(Stream&, bool)
 .text._ZNK10Sabertooth8autobaudEb
                0x00080622        0x6 C:\Users\hn\AppData\Local\Temp\VMBuilds\arduino\arduino_due_x_dbg\Debug\Sabertooth\Sabertooth.cpp.o
                0x00080622                Sabertooth::autobaud(bool) const
 .text._ZNK10Sabertooth7commandEhh
                0x00080628       0x3a C:\Users\hn\AppData\Local\Temp\VMBuilds\arduino\arduino_due_x_dbg\Debug\Sabertooth\Sabertooth.cpp.o
                0x00080628                Sabertooth::command(unsigned char, unsigned char) const
 .text._ZNK10Sabertooth15throttleCommandEhi
                0x00080662       0x1c C:\Users\hn\AppData\Local\Temp\VMBuilds\arduino\arduino_due_x_dbg\Debug\Sabertooth\Sabertooth.cpp.o
                0x00080662                Sabertooth::throttleCommand(unsigned char, int) const
 .text._ZNK10Sabertooth5motorEhi
                0x0008067e       0x1e C:\Users\hn\AppData\Local\Temp\VMBuilds\arduino\arduino_due_x_dbg\Debug\Sabertooth\Sabertooth.cpp.o
                0x0008067e                Sabertooth::motor(unsigned char, int) const
 .text._Z11serialEventv
                0x0008069c        0x2 C:\Users\hn\AppData\Local\Temp\VMBuilds\arduino\arduino_due_x_dbg\Debug\variant\variant.cpp.o
                0x0008069c                serialEvent()
 *fill*         0x0008069e        0x2 
 .text.UART_Handler
                0x000806a0        0xc C:\Users\hn\AppData\Local\Temp\VMBuilds\arduino\arduino_due_x_dbg\Debug\variant\variant.cpp.o
                0x000806a0                UART_Handler
 .text._Z12serialEvent1v
                0x000806ac        0x2 C:\Users\hn\AppData\Local\Temp\VMBuilds\arduino\arduino_due_x_dbg\Debug\variant\variant.cpp.o
                0x000806ac                serialEvent1()
 .text._Z12serialEvent2v
                0x000806ae        0x2 C:\Users\hn\AppData\Local\Temp\VMBuilds\arduino\arduino_due_x_dbg\Debug\variant\variant.cpp.o
                0x000806ae                serialEvent2()
 .text._Z12serialEvent3v
                0x000806b0        0x2 C:\Users\hn\AppData\Local\Temp\VMBuilds\arduino\arduino_due_x_dbg\Debug\variant\variant.cpp.o
                0x000806b0                serialEvent3()
 *fill*         0x000806b2        0x2 
 .text.USART0_Handler
                0x000806b4        0xc C:\Users\hn\AppData\Local\Temp\VMBuilds\arduino\arduino_due_x_dbg\Debug\variant\variant.cpp.o
                0x000806b4                USART0_Handler
 .text.USART1_Handler
                0x000806c0        0xc C:\Users\hn\AppData\Local\Temp\VMBuilds\arduino\arduino_due_x_dbg\Debug\variant\variant.cpp.o
                0x000806c0                USART1_Handler
 .text.USART3_Handler
                0x000806cc        0xc C:\Users\hn\AppData\Local\Temp\VMBuilds\arduino\arduino_due_x_dbg\Debug\variant\variant.cpp.o
                0x000806cc                USART3_Handler
 .text.init     0x000806d8      0x128 C:\Users\hn\AppData\Local\Temp\VMBuilds\arduino\arduino_due_x_dbg\Debug\variant\variant.cpp.o
                0x000806d8                init
 .text.startup._GLOBAL__sub_I_g_APinDescription
                0x00080800       0xd4 C:\Users\hn\AppData\Local\Temp\VMBuilds\arduino\arduino_due_x_dbg\Debug\variant\variant.cpp.o
 .text._Z14serialEventRunv
                0x000808d4       0x44 C:\Users\hn\AppData\Local\Temp\VMBuilds\arduino\arduino_due_x_dbg\Debug\variant\variant.cpp.o
                0x000808d4                serialEventRun()
 .text.PIO_PullUp
                0x00080918        0xa C:\Users\hn\AppData\Local\arduino15\packages\arduino\hardware\sam\1.6.11\variants\arduino_due_x/libsam_sam3x8e_gcc_rel.a(pio.o)
                0x00080918                PIO_PullUp
 .text.PIO_SetPeripheral
                0x00080922       0x26 C:\Users\hn\AppData\Local\arduino15\packages\arduino\hardware\sam\1.6.11\variants\arduino_due_x/libsam_sam3x8e_gcc_rel.a(pio.o)
                0x00080922                PIO_SetPeripheral
 .text.PIO_SetInput
                0x00080948       0x26 C:\Users\hn\AppData\Local\arduino15\packages\arduino\hardware\sam\1.6.11\variants\arduino_due_x/libsam_sam3x8e_gcc_rel.a(pio.o)
                0x00080948                PIO_SetInput
 .text.PIO_SetOutput
                0x0008096e       0x24 C:\Users\hn\AppData\Local\arduino15\packages\arduino\hardware\sam\1.6.11\variants\arduino_due_x/libsam_sam3x8e_gcc_rel.a(pio.o)
                0x0008096e                PIO_SetOutput
 *fill*         0x00080992        0x2 
 .text.PIO_Configure
                0x00080994       0x64 C:\Users\hn\AppData\Local\arduino15\packages\arduino\hardware\sam\1.6.11\variants\arduino_due_x/libsam_sam3x8e_gcc_rel.a(pio.o)
                0x00080994                PIO_Configure
 .text.PIO_GetOutputDataStatus
                0x000809f8       0x14 C:\Users\hn\AppData\Local\arduino15\packages\arduino\hardware\sam\1.6.11\variants\arduino_due_x/libsam_sam3x8e_gcc_rel.a(pio.o)
                0x000809f8                PIO_GetOutputDataStatus
 .text.pmc_enable_upll_clock
                0x00080a0c       0x14 C:\Users\hn\AppData\Local\arduino15\packages\arduino\hardware\sam\1.6.11\variants\arduino_due_x/libsam_sam3x8e_gcc_rel.a(pmc.o)
                0x00080a0c                pmc_enable_upll_clock
 .text.pmc_enable_periph_clk
                0x00080a20       0x44 C:\Users\hn\AppData\Local\arduino15\packages\arduino\hardware\sam\1.6.11\variants\arduino_due_x/libsam_sam3x8e_gcc_rel.a(pmc.o)
                0x00080a20                pmc_enable_periph_clk
 .text.pmc_disable_periph_clk
                0x00080a64       0x40 C:\Users\hn\AppData\Local\arduino15\packages\arduino\hardware\sam\1.6.11\variants\arduino_due_x/libsam_sam3x8e_gcc_rel.a(pmc.o)
                0x00080a64                pmc_disable_periph_clk
 .text.pmc_switch_udpck_to_upllck
                0x00080aa4       0x14 C:\Users\hn\AppData\Local\arduino15\packages\arduino\hardware\sam\1.6.11\variants\arduino_due_x/libsam_sam3x8e_gcc_rel.a(pmc.o)
                0x00080aa4                pmc_switch_udpck_to_upllck
 .text.pmc_enable_udpck
                0x00080ab8        0xc C:\Users\hn\AppData\Local\arduino15\packages\arduino\hardware\sam\1.6.11\variants\arduino_due_x/libsam_sam3x8e_gcc_rel.a(pmc.o)
                0x00080ab8                pmc_enable_udpck
 .text.TWI_SetClock
                0x00080ac4       0x58 C:\Users\hn\AppData\Local\arduino15\packages\arduino\hardware\sam\1.6.11\variants\arduino_due_x/libsam_sam3x8e_gcc_rel.a(twi.o)
                0x00080ac4                TWI_SetClock
 .text.TWI_Disable
                0x00080b1c       0x2c C:\Users\hn\AppData\Local\arduino15\packages\arduino\hardware\sam\1.6.11\variants\arduino_due_x/libsam_sam3x8e_gcc_rel.a(twi.o)
                0x00080b1c                TWI_Disable
 .text.TWI_ConfigureSlave
                0x00080b48       0x44 C:\Users\hn\AppData\Local\arduino15\packages\arduino\hardware\sam\1.6.11\variants\arduino_due_x/libsam_sam3x8e_gcc_rel.a(twi.o)
                0x00080b48                TWI_ConfigureSlave
 .text.TWI_ReadByte
                0x00080b8c       0x28 C:\Users\hn\AppData\Local\arduino15\packages\arduino\hardware\sam\1.6.11\variants\arduino_due_x/libsam_sam3x8e_gcc_rel.a(twi.o)
                0x00080b8c                TWI_ReadByte
 .text.TWI_WriteByte
                0x00080bb4       0x24 C:\Users\hn\AppData\Local\arduino15\packages\arduino\hardware\sam\1.6.11\variants\arduino_due_x/libsam_sam3x8e_gcc_rel.a(twi.o)
                0x00080bb4                TWI_WriteByte
 .text.TWI_EnableIt
                0x00080bd8       0x40 C:\Users\hn\AppData\Local\arduino15\packages\arduino\hardware\sam\1.6.11\variants\arduino_due_x/libsam_sam3x8e_gcc_rel.a(twi.o)
                0x00080bd8                TWI_EnableIt
 .text.TWI_DisableIt
                0x00080c18       0x40 C:\Users\hn\AppData\Local\arduino15\packages\arduino\hardware\sam\1.6.11\variants\arduino_due_x/libsam_sam3x8e_gcc_rel.a(twi.o)
                0x00080c18                TWI_DisableIt
 .text.TWI_GetStatus
                0x00080c58       0x28 C:\Users\hn\AppData\Local\arduino15\packages\arduino\hardware\sam\1.6.11\variants\arduino_due_x/libsam_sam3x8e_gcc_rel.a(twi.o)
                0x00080c58                TWI_GetStatus
 .text.SystemInit
                0x00080c80       0x88 C:\Users\hn\AppData\Local\arduino15\packages\arduino\hardware\sam\1.6.11\variants\arduino_due_x/libsam_sam3x8e_gcc_rel.a(system_sam3xa.o)
                0x00080c80                SystemInit
 .text.Reset_Handler
                0x00080d08       0x78 C:\Users\hn\AppData\Local\arduino15\packages\arduino\hardware\sam\1.6.11\variants\arduino_due_x/libsam_sam3x8e_gcc_rel.a(startup_sam3xa.o)
                0x00080d08                Reset_Handler
 .text.adc_init
                0x00080d80       0x98 C:\Users\hn\AppData\Local\arduino15\packages\arduino\hardware\sam\1.6.11\variants\arduino_due_x/libsam_sam3x8e_gcc_rel.a(adc.o)
                0x00080d80                adc_init
 .text.adc_configure_trigger
                0x00080e18        0xe C:\Users\hn\AppData\Local\arduino15\packages\arduino\hardware\sam\1.6.11\variants\arduino_due_x/libsam_sam3x8e_gcc_rel.a(adc.o)
                0x00080e18                adc_configure_trigger
 .text.adc_configure_timing
                0x00080e26       0x1a C:\Users\hn\AppData\Local\arduino15\packages\arduino\hardware\sam\1.6.11\variants\arduino_due_x/libsam_sam3x8e_gcc_rel.a(adc.o)
                0x00080e26                adc_configure_timing
 .text.adc_disable_channel
                0x00080e40        0xa C:\Users\hn\AppData\Local\arduino15\packages\arduino\hardware\sam\1.6.11\variants\arduino_due_x/libsam_sam3x8e_gcc_rel.a(adc.o)
                0x00080e40                adc_disable_channel
 .text.adc_disable_all_channel
                0x00080e4a        0x8 C:\Users\hn\AppData\Local\arduino15\packages\arduino\hardware\sam\1.6.11\variants\arduino_due_x/libsam_sam3x8e_gcc_rel.a(adc.o)
                0x00080e4a                adc_disable_all_channel
 .text.adc_disable_interrupt
                0x00080e52        0x4 C:\Users\hn\AppData\Local\arduino15\packages\arduino\hardware\sam\1.6.11\variants\arduino_due_x/libsam_sam3x8e_gcc_rel.a(adc.o)
                0x00080e52                adc_disable_interrupt
 *fill*         0x00080e56        0x2 
 .text.UOTGHS_Handler
                0x00080e58       0x10 C:\Users\hn\AppData\Local\arduino15\packages\arduino\hardware\sam\1.6.11\variants\arduino_due_x/libsam_sam3x8e_gcc_rel.a(uotghs.o)
                0x00080e58                UOTGHS_Handler
 .text.__halt   0x00080e68        0x2 C:\Users\hn\AppData\Local\Temp\VMBuilds\arduino\arduino_due_x_dbg\Debug/core.a(cortex_handlers.c.o)
                0x00080e68                DACC_Handler
                0x00080e68                DebugMon_Handler
                0x00080e68                DMAC_Handler
                0x00080e68                TRNG_Handler
                0x00080e68                HardFault_Handler
                0x00080e68                TC2_Handler
                0x00080e68                NMI_Handler
                0x00080e68                TC7_Handler
                0x00080e68                ADC_Handler
                0x00080e68                SMC_Handler
                0x00080e68                RTT_Handler
                0x00080e68                EFC1_Handler
                0x00080e68                PIOB_Handler
                0x00080e68                RTC_Handler
                0x00080e68                UsageFault_Handler
                0x00080e68                TC6_Handler
                0x00080e68                WDT_Handler
                0x00080e68                CAN0_Handler
                0x00080e68                TC4_Handler
                0x00080e68                TC1_Handler
                0x00080e68                HSMCI_Handler
                0x00080e68                TC3_Handler
                0x00080e68                PIOA_Handler
                0x00080e68                SSC_Handler
                0x00080e68                EFC0_Handler
                0x00080e68                PMC_Handler
                0x00080e68                PWM_Handler
                0x00080e68                CAN1_Handler
                0x00080e68                MemManage_Handler
                0x00080e68                SUPC_Handler
                0x00080e68                TC8_Handler
                0x00080e68                USART2_Handler
                0x00080e68                PIOD_Handler
                0x00080e68                EMAC_Handler
                0x00080e68                PIOC_Handler
                0x00080e68                BusFault_Handler
                0x00080e68                RSTC_Handler
                0x00080e68                TC0_Handler
                0x00080e68                TC5_Handler
                0x00080e68                SPI0_Handler
 .text.SVC_Handler
                0x00080e6a        0x4 C:\Users\hn\AppData\Local\Temp\VMBuilds\arduino\arduino_due_x_dbg\Debug/core.a(cortex_handlers.c.o)
                0x00080e6a                SVC_Handler
 .text.PendSV_Handler
                0x00080e6e        0x4 C:\Users\hn\AppData\Local\Temp\VMBuilds\arduino\arduino_due_x_dbg\Debug/core.a(cortex_handlers.c.o)
                0x00080e6e                PendSV_Handler
 .text.SysTick_Handler
                0x00080e72       0x16 C:\Users\hn\AppData\Local\Temp\VMBuilds\arduino\arduino_due_x_dbg\Debug/core.a(cortex_handlers.c.o)
                0x00080e72                SysTick_Handler
 .text.__empty  0x00080e88        0x2 C:\Users\hn\AppData\Local\Temp\VMBuilds\arduino\arduino_due_x_dbg\Debug/core.a(hooks.c.o)
                0x00080e88                yield
 .text.__false  0x00080e8a        0x4 C:\Users\hn\AppData\Local\Temp\VMBuilds\arduino\arduino_due_x_dbg\Debug/core.a(hooks.c.o)
                0x00080e8a                sysTickHook
 .text.__halt   0x00080e8e        0x2 C:\Users\hn\AppData\Local\Temp\VMBuilds\arduino\arduino_due_x_dbg\Debug/core.a(hooks.c.o)
                0x00080e8e                svcHook
                0x00080e8e                pendSVHook
 .text._sbrk    0x00080e90       0x1c C:\Users\hn\AppData\Local\Temp\VMBuilds\arduino\arduino_due_x_dbg\Debug/core.a(syscalls_sam3.c.o)
                0x00080e90                _sbrk
 .text.link     0x00080eac        0x6 C:\Users\hn\AppData\Local\Temp\VMBuilds\arduino\arduino_due_x_dbg\Debug/core.a(syscalls_sam3.c.o)
                0x00080eac                link
 .text._close   0x00080eb2        0x6 C:\Users\hn\AppData\Local\Temp\VMBuilds\arduino\arduino_due_x_dbg\Debug/core.a(syscalls_sam3.c.o)
                0x00080eb2                _close
 .text._fstat   0x00080eb8        0xa C:\Users\hn\AppData\Local\Temp\VMBuilds\arduino\arduino_due_x_dbg\Debug/core.a(syscalls_sam3.c.o)
                0x00080eb8                _fstat
 .text._isatty  0x00080ec2        0x4 C:\Users\hn\AppData\Local\Temp\VMBuilds\arduino\arduino_due_x_dbg\Debug/core.a(syscalls_sam3.c.o)
                0x00080ec2                _isatty
 .text._lseek   0x00080ec6        0x4 C:\Users\hn\AppData\Local\Temp\VMBuilds\arduino\arduino_due_x_dbg\Debug/core.a(syscalls_sam3.c.o)
                0x00080ec6                _lseek
 .text._read    0x00080eca        0x4 C:\Users\hn\AppData\Local\Temp\VMBuilds\arduino\arduino_due_x_dbg\Debug/core.a(syscalls_sam3.c.o)
                0x00080eca                _read
 *fill*         0x00080ece        0x2 
 .text._write   0x00080ed0       0x24 C:\Users\hn\AppData\Local\Temp\VMBuilds\arduino\arduino_due_x_dbg\Debug/core.a(syscalls_sam3.c.o)
                0x00080ed0                _write
 .text._exit    0x00080ef4       0x10 C:\Users\hn\AppData\Local\Temp\VMBuilds\arduino\arduino_due_x_dbg\Debug/core.a(syscalls_sam3.c.o)
                0x00080ef4                _exit
 .text._kill    0x00080f04        0x2 C:\Users\hn\AppData\Local\Temp\VMBuilds\arduino\arduino_due_x_dbg\Debug/core.a(syscalls_sam3.c.o)
                0x00080f04                _kill
 .text._getpid  0x00080f06        0x6 C:\Users\hn\AppData\Local\Temp\VMBuilds\arduino\arduino_due_x_dbg\Debug/core.a(syscalls_sam3.c.o)
                0x00080f06                _getpid
 .text.delay    0x00080f0c       0x1c C:\Users\hn\AppData\Local\Temp\VMBuilds\arduino\arduino_due_x_dbg\Debug/core.a(wiring.c.o)
                0x00080f0c                delay
 .text.analogOutputInit
                0x00080f28        0x2 C:\Users\hn\AppData\Local\Temp\VMBuilds\arduino\arduino_due_x_dbg\Debug/core.a(wiring_analog.c.o)
                0x00080f28                analogOutputInit
 *fill*         0x00080f2a        0x2 
 .text.pinMode  0x00080f2c      0x108 C:\Users\hn\AppData\Local\Temp\VMBuilds\arduino\arduino_due_x_dbg\Debug/core.a(wiring_digital.c.o)
                0x00080f2c                pinMode
 .text.digitalWrite
                0x00081034       0x70 C:\Users\hn\AppData\Local\Temp\VMBuilds\arduino\arduino_due_x_dbg\Debug/core.a(wiring_digital.c.o)
                0x00081034                digitalWrite
 .text.initVariant
                0x000810a4        0x2 C:\Users\hn\AppData\Local\Temp\VMBuilds\arduino\arduino_due_x_dbg\Debug/core.a(main.cpp.o)
                0x000810a4                initVariant
 *fill*         0x000810a6        0x2 
 .text.startup.main
                0x000810a8       0x38 C:\Users\hn\AppData\Local\Temp\VMBuilds\arduino\arduino_due_x_dbg\Debug/core.a(main.cpp.o)
                0x000810a8                main
 .text._ZN5Print5writeEPKhj
                0x000810e0       0x22 C:\Users\hn\AppData\Local\Temp\VMBuilds\arduino\arduino_due_x_dbg\Debug/core.a(Print.cpp.o)
                0x000810e0                Print::write(unsigned char const*, unsigned int)
 *fill*         0x00081102        0x2 
 .text.initiateReset
                0x00081104        0xc C:\Users\hn\AppData\Local\Temp\VMBuilds\arduino\arduino_due_x_dbg\Debug/core.a(Reset.cpp.o)
                0x00081104                initiateReset
 .text.cancelReset
                0x00081110       0x10 C:\Users\hn\AppData\Local\Temp\VMBuilds\arduino\arduino_due_x_dbg\Debug/core.a(Reset.cpp.o)
                0x00081110                cancelReset
 .text.tickReset
                0x00081120       0x20 C:\Users\hn\AppData\Local\Temp\VMBuilds\arduino\arduino_due_x_dbg\Debug/core.a(Reset.cpp.o)
                0x00081120                tickReset
 .text._ZN10RingBufferC2Ev
                0x00081140       0x1a C:\Users\hn\AppData\Local\Temp\VMBuilds\arduino\arduino_due_x_dbg\Debug/core.a(RingBuffer.cpp.o)
                0x00081140                RingBuffer::RingBuffer()
                0x00081140                RingBuffer::RingBuffer()
 .text._ZN10RingBuffer10store_charEh
                0x0008115a       0x1e C:\Users\hn\AppData\Local\Temp\VMBuilds\arduino\arduino_due_x_dbg\Debug/core.a(RingBuffer.cpp.o)
                0x0008115a                RingBuffer::store_char(unsigned char)
 .text._ZN9UARTClasscvbEv
                0x00081178        0x4 C:\Users\hn\AppData\Local\Temp\VMBuilds\arduino\arduino_due_x_dbg\Debug/core.a(UARTClass.cpp.o)
                0x00081178                UARTClass::operator bool()
 .text._ZN9UARTClass9availableEv
                0x0008117c       0x12 C:\Users\hn\AppData\Local\Temp\VMBuilds\arduino\arduino_due_x_dbg\Debug/core.a(UARTClass.cpp.o)
                0x0008117c                UARTClass::available()
 .text._ZN9UARTClass4peekEv
                0x0008118e       0x1c C:\Users\hn\AppData\Local\Temp\VMBuilds\arduino\arduino_due_x_dbg\Debug/core.a(UARTClass.cpp.o)
                0x0008118e                UARTClass::peek()
 .text._ZN9UARTClass4readEv
                0x000811aa       0x2a C:\Users\hn\AppData\Local\Temp\VMBuilds\arduino\arduino_due_x_dbg\Debug/core.a(UARTClass.cpp.o)
                0x000811aa                UARTClass::read()
 .text._ZN9UARTClass5flushEv
                0x000811d4       0x18 C:\Users\hn\AppData\Local\Temp\VMBuilds\arduino\arduino_due_x_dbg\Debug/core.a(UARTClass.cpp.o)
                0x000811d4                UARTClass::flush()
 .text._ZN9UARTClass5writeEh
                0x000811ec       0x54 C:\Users\hn\AppData\Local\Temp\VMBuilds\arduino\arduino_due_x_dbg\Debug/core.a(UARTClass.cpp.o)
                0x000811ec                UARTClass::write(unsigned char)
 .text._ZN9UARTClass3endEv
                0x00081240       0x3c C:\Users\hn\AppData\Local\Temp\VMBuilds\arduino\arduino_due_x_dbg\Debug/core.a(UARTClass.cpp.o)
                0x00081240                UARTClass::end()
 .text._ZN9UARTClassC2EP4Uart4IRQnmP10RingBufferS4_
                0x0008127c       0x24 C:\Users\hn\AppData\Local\Temp\VMBuilds\arduino\arduino_due_x_dbg\Debug/core.a(UARTClass.cpp.o)
                0x0008127c                UARTClass::UARTClass(Uart*, IRQn, unsigned long, RingBuffer*, RingBuffer*)
                0x0008127c                UARTClass::UARTClass(Uart*, IRQn, unsigned long, RingBuffer*, RingBuffer*)
 .text._ZN9UARTClass4initEmm
                0x000812a0       0x70 C:\Users\hn\AppData\Local\Temp\VMBuilds\arduino\arduino_due_x_dbg\Debug/core.a(UARTClass.cpp.o)
                0x000812a0                UARTClass::init(unsigned long, unsigned long)
 .text._ZN9UARTClass5beginEm
                0x00081310        0x8 C:\Users\hn\AppData\Local\Temp\VMBuilds\arduino\arduino_due_x_dbg\Debug/core.a(UARTClass.cpp.o)
                0x00081310                UARTClass::begin(unsigned long)
 .text._ZN9UARTClass10IrqHandlerEv
                0x00081318       0x5a C:\Users\hn\AppData\Local\Temp\VMBuilds\arduino\arduino_due_x_dbg\Debug/core.a(UARTClass.cpp.o)
                0x00081318                UARTClass::IrqHandler()
 .text._ZN10USARTClass5beginEm
                0x00081372        0x8 C:\Users\hn\AppData\Local\Temp\VMBuilds\arduino\arduino_due_x_dbg\Debug/core.a(USARTClass.cpp.o)
                0x00081372                USARTClass::begin(unsigned long)
 *fill*         0x0008137a        0x2 
 .text._ZN10USARTClassC2EP5Usart4IRQnmP10RingBufferS4_
                0x0008137c       0x24 C:\Users\hn\AppData\Local\Temp\VMBuilds\arduino\arduino_due_x_dbg\Debug/core.a(USARTClass.cpp.o)
                0x0008137c                USARTClass::USARTClass(Usart*, IRQn, unsigned long, RingBuffer*, RingBuffer*)
                0x0008137c                USARTClass::USARTClass(Usart*, IRQn, unsigned long, RingBuffer*, RingBuffer*)
 .text._watchdogDefaultSetup
                0x000813a0        0xc C:\Users\hn\AppData\Local\Temp\VMBuilds\arduino\arduino_due_x_dbg\Debug/core.a(watchdog.cpp.o)
                0x000813a0                _watchdogDefaultSetup
                0x000813a0                watchdogSetup()
 .text.unlikely._ZL11USB_SendZlpv
                0x000813ac       0x20 C:\Users\hn\AppData\Local\Temp\VMBuilds\arduino\arduino_due_x_dbg\Debug/core.a(USBCore.cpp.o)
 .text._Z14USBD_Availablem
                0x000813cc       0x2c C:\Users\hn\AppData\Local\Temp\VMBuilds\arduino\arduino_due_x_dbg\Debug/core.a(USBCore.cpp.o)
                0x000813cc                USBD_Available(unsigned long)
 .text._Z9USBD_RecvmPvm
                0x000813f8       0x7c C:\Users\hn\AppData\Local\Temp\VMBuilds\arduino\arduino_due_x_dbg\Debug/core.a(USBCore.cpp.o)
                0x000813f8                USBD_Recv(unsigned long, void*, unsigned long)
 .text._Z9USBD_Recvm
                0x00081474       0x22 C:\Users\hn\AppData\Local\Temp\VMBuilds\arduino\arduino_due_x_dbg\Debug/core.a(USBCore.cpp.o)
                0x00081474                USBD_Recv(unsigned long)
 *fill*         0x00081496        0x2 
 .text._Z9USBD_SendmPKvm
                0x00081498       0x4c C:\Users\hn\AppData\Local\Temp\VMBuilds\arduino\arduino_due_x_dbg\Debug/core.a(USBCore.cpp.o)
                0x00081498                USBD_Send(unsigned long, void const*, unsigned long)
 .text._Z16USBD_SendControlhPKvm
                0x000814e4       0x40 C:\Users\hn\AppData\Local\Temp\VMBuilds\arduino\arduino_due_x_dbg\Debug/core.a(USBCore.cpp.o)
                0x000814e4                USBD_SendControl(unsigned char, void const*, unsigned long)
 .text.unlikely._ZL24USB_SendStringDescriptorPKhi
                0x00081524       0x64 C:\Users\hn\AppData\Local\Temp\VMBuilds\arduino\arduino_due_x_dbg\Debug/core.a(USBCore.cpp.o)
 .text._Z16USBD_RecvControlPvm
                0x00081588       0x1c C:\Users\hn\AppData\Local\Temp\VMBuilds\arduino\arduino_due_x_dbg\Debug/core.a(USBCore.cpp.o)
                0x00081588                USBD_RecvControl(void*, unsigned long)
 .text._Z26USBD_ClassInterfaceRequestR8USBSetup
                0x000815a4       0x1e C:\Users\hn\AppData\Local\Temp\VMBuilds\arduino\arduino_due_x_dbg\Debug/core.a(USBCore.cpp.o)
                0x000815a4                USBD_ClassInterfaceRequest(USBSetup&)
 .text._Z19USBD_SendInterfacesv
                0x000815c2       0x22 C:\Users\hn\AppData\Local\Temp\VMBuilds\arduino\arduino_due_x_dbg\Debug/core.a(USBCore.cpp.o)
                0x000815c2                USBD_SendInterfaces()
 .text._Z24USBD_SendOtherInterfacesv
                0x000815e4       0x22 C:\Users\hn\AppData\Local\Temp\VMBuilds\arduino\arduino_due_x_dbg\Debug/core.a(USBCore.cpp.o)
                0x000815e4                USBD_SendOtherInterfaces()
 .text._Z10USBD_Flushm
                0x00081606       0x16 C:\Users\hn\AppData\Local\Temp\VMBuilds\arduino\arduino_due_x_dbg\Debug/core.a(USBCore.cpp.o)
                0x00081606                USBD_Flush(unsigned long)
 .text._ZN10USBDevice_C2Ev
                0x0008161c       0x24 C:\Users\hn\AppData\Local\Temp\VMBuilds\arduino\arduino_due_x_dbg\Debug/core.a(USBCore.cpp.o)
                0x0008161c                USBDevice_::USBDevice_()
                0x0008161c                USBDevice_::USBDevice_()
 .text._ZN10USBDevice_6attachEv
                0x00081640       0x20 C:\Users\hn\AppData\Local\Temp\VMBuilds\arduino\arduino_due_x_dbg\Debug/core.a(USBCore.cpp.o)
                0x00081640                USBDevice_::attach()
 .text.startup._GLOBAL__sub_I_EndPoints
                0x00081660        0xc C:\Users\hn\AppData\Local\Temp\VMBuilds\arduino\arduino_due_x_dbg\Debug/core.a(USBCore.cpp.o)
 .text._ZL7USB_ISRv
                0x0008166c      0x454 C:\Users\hn\AppData\Local\Temp\VMBuilds\arduino\arduino_due_x_dbg\Debug/core.a(USBCore.cpp.o)
 .text._ZN7Serial_9availableEv
                0x00081ac0       0x18 C:\Users\hn\AppData\Local\Temp\VMBuilds\arduino\arduino_due_x_dbg\Debug/core.a(CDC.cpp.o)
                0x00081ac0                Serial_::available()
 .text._ZN7Serial_17availableForWriteEv
                0x00081ad8        0x6 C:\Users\hn\AppData\Local\Temp\VMBuilds\arduino\arduino_due_x_dbg\Debug/core.a(CDC.cpp.o)
                0x00081ad8                Serial_::availableForWrite()
 *fill*         0x00081ade        0x2 
 .text._ZN7Serial_4peekEv
                0x00081ae0       0x20 C:\Users\hn\AppData\Local\Temp\VMBuilds\arduino\arduino_due_x_dbg\Debug/core.a(CDC.cpp.o)
                0x00081ae0                Serial_::peek()
 .text._ZN7Serial_5writeEh
                0x00081b00       0x16 C:\Users\hn\AppData\Local\Temp\VMBuilds\arduino\arduino_due_x_dbg\Debug/core.a(CDC.cpp.o)
                0x00081b00                Serial_::write(unsigned char)
 *fill*         0x00081b16        0x2 
 .text._ZN7Serial_4readEv
                0x00081b18       0x44 C:\Users\hn\AppData\Local\Temp\VMBuilds\arduino\arduino_due_x_dbg\Debug/core.a(CDC.cpp.o)
                0x00081b18                Serial_::read()
 .text._ZN7Serial_5flushEv
                0x00081b5c        0x6 C:\Users\hn\AppData\Local\Temp\VMBuilds\arduino\arduino_due_x_dbg\Debug/core.a(CDC.cpp.o)
                0x00081b5c                Serial_::flush()
 *fill*         0x00081b62        0x2 
 .text._ZN7Serial_6acceptEv
                0x00081b64       0x70 C:\Users\hn\AppData\Local\Temp\VMBuilds\arduino\arduino_due_x_dbg\Debug/core.a(CDC.cpp.o)
                0x00081b64                Serial_::accept()
 .text._ZN7Serial_5writeEPKhj
                0x00081bd4       0x2c C:\Users\hn\AppData\Local\Temp\VMBuilds\arduino\arduino_due_x_dbg\Debug/core.a(CDC.cpp.o)
                0x00081bd4                Serial_::write(unsigned char const*, unsigned int)
 .text._Z16CDC_GetInterfacePh
                0x00081c00       0x14 C:\Users\hn\AppData\Local\Temp\VMBuilds\arduino\arduino_due_x_dbg\Debug/core.a(CDC.cpp.o)
                0x00081c00                CDC_GetInterface(unsigned char*)
 .text._Z21CDC_GetOtherInterfacePh
                0x00081c14       0x14 C:\Users\hn\AppData\Local\Temp\VMBuilds\arduino\arduino_due_x_dbg\Debug/core.a(CDC.cpp.o)
                0x00081c14                CDC_GetOtherInterface(unsigned char*)
 .text._Z9CDC_SetupR8USBSetup
                0x00081c28       0x78 C:\Users\hn\AppData\Local\Temp\VMBuilds\arduino\arduino_due_x_dbg\Debug/core.a(CDC.cpp.o)
                0x00081c28                CDC_Setup(USBSetup&)
 .text.startup._GLOBAL__sub_I_cdc_rx_buffer
                0x00081ca0       0x1c C:\Users\hn\AppData\Local\Temp\VMBuilds\arduino\arduino_due_x_dbg\Debug/core.a(CDC.cpp.o)
 .text._ZN13PluggableUSB_12getInterfaceEPh
                0x00081cbc       0x28 C:\Users\hn\AppData\Local\Temp\VMBuilds\arduino\arduino_due_x_dbg\Debug/core.a(PluggableUSB.cpp.o)
                0x00081cbc                PluggableUSB_::getInterface(unsigned char*)
 .text._ZN13PluggableUSB_13getDescriptorER8USBSetup
                0x00081ce4       0x1c C:\Users\hn\AppData\Local\Temp\VMBuilds\arduino\arduino_due_x_dbg\Debug/core.a(PluggableUSB.cpp.o)
                0x00081ce4                PluggableUSB_::getDescriptor(USBSetup&)
 .text._ZN13PluggableUSB_12getShortNameEPc
                0x00081d00       0x1c C:\Users\hn\AppData\Local\Temp\VMBuilds\arduino\arduino_due_x_dbg\Debug/core.a(PluggableUSB.cpp.o)
                0x00081d00                PluggableUSB_::getShortName(char*)
 .text._ZN13PluggableUSB_5setupER8USBSetup
                0x00081d1c       0x20 C:\Users\hn\AppData\Local\Temp\VMBuilds\arduino\arduino_due_x_dbg\Debug/core.a(PluggableUSB.cpp.o)
                0x00081d1c                PluggableUSB_::setup(USBSetup&)
 .text._Z12PluggableUSBv
                0x00081d3c       0x28 C:\Users\hn\AppData\Local\Temp\VMBuilds\arduino\arduino_due_x_dbg\Debug/core.a(PluggableUSB.cpp.o)
                0x00081d3c                PluggableUSB()
 .text.TimeTick_Increment
                0x00081d64       0x10 C:\Users\hn\AppData\Local\arduino15\packages\arduino\hardware\sam\1.6.11\variants\arduino_due_x/libsam_sam3x8e_gcc_rel.a(timetick.o)
                0x00081d64                TimeTick_Increment
 .text.GetTickCount
                0x00081d74        0xc C:\Users\hn\AppData\Local\arduino15\packages\arduino\hardware\sam\1.6.11\variants\arduino_due_x/libsam_sam3x8e_gcc_rel.a(timetick.o)
                0x00081d74                GetTickCount
 .text.WDT_Disable
                0x00081d80        0x8 C:\Users\hn\AppData\Local\arduino15\packages\arduino\hardware\sam\1.6.11\variants\arduino_due_x/libsam_sam3x8e_gcc_rel.a(wdt.o)
                0x00081d80                WDT_Disable
 .text.UDD_SetStack
                0x00081d88        0xc C:\Users\hn\AppData\Local\arduino15\packages\arduino\hardware\sam\1.6.11\variants\arduino_due_x/libsam_sam3x8e_gcc_rel.a(uotghs_device.o)
                0x00081d88                UDD_SetStack
 .text.UDD_Init
                0x00081d94       0xd0 C:\Users\hn\AppData\Local\arduino15\packages\arduino\hardware\sam\1.6.11\variants\arduino_due_x/libsam_sam3x8e_gcc_rel.a(uotghs_device.o)
                0x00081d94                UDD_Init
 .text.UDD_Attach
                0x00081e64       0x50 C:\Users\hn\AppData\Local\arduino15\packages\arduino\hardware\sam\1.6.11\variants\arduino_due_x/libsam_sam3x8e_gcc_rel.a(uotghs_device.o)
                0x00081e64                UDD_Attach
 .text.UDD_InitEP
                0x00081eb4       0x2c C:\Users\hn\AppData\Local\arduino15\packages\arduino\hardware\sam\1.6.11\variants\arduino_due_x/libsam_sam3x8e_gcc_rel.a(uotghs_device.o)
                0x00081eb4                UDD_InitEP
 .text.UDD_InitEndpoints
                0x00081ee0       0x3c C:\Users\hn\AppData\Local\arduino15\packages\arduino\hardware\sam\1.6.11\variants\arduino_due_x/libsam_sam3x8e_gcc_rel.a(uotghs_device.o)
                0x00081ee0                UDD_InitEndpoints
 .text.UDD_WaitIN
                0x00081f1c       0x10 C:\Users\hn\AppData\Local\arduino15\packages\arduino\hardware\sam\1.6.11\variants\arduino_due_x/libsam_sam3x8e_gcc_rel.a(uotghs_device.o)
                0x00081f1c                UDD_WaitIN
 .text.UDD_WaitOUT
                0x00081f2c       0x10 C:\Users\hn\AppData\Local\arduino15\packages\arduino\hardware\sam\1.6.11\variants\arduino_due_x/libsam_sam3x8e_gcc_rel.a(uotghs_device.o)
                0x00081f2c                UDD_WaitOUT
 .text.UDD_ClearIN
                0x00081f3c       0x18 C:\Users\hn\AppData\Local\arduino15\packages\arduino\hardware\sam\1.6.11\variants\arduino_due_x/libsam_sam3x8e_gcc_rel.a(uotghs_device.o)
                0x00081f3c                UDD_ClearIN
 .text.UDD_ClearOUT
                0x00081f54       0x18 C:\Users\hn\AppData\Local\arduino15\packages\arduino\hardware\sam\1.6.11\variants\arduino_due_x/libsam_sam3x8e_gcc_rel.a(uotghs_device.o)
                0x00081f54                UDD_ClearOUT
 .text.UDD_ReceivedSetupInt
                0x00081f6c       0x10 C:\Users\hn\AppData\Local\arduino15\packages\arduino\hardware\sam\1.6.11\variants\arduino_due_x/libsam_sam3x8e_gcc_rel.a(uotghs_device.o)
                0x00081f6c                UDD_ReceivedSetupInt
 .text.UDD_ClearSetupInt
                0x00081f7c       0x10 C:\Users\hn\AppData\Local\arduino15\packages\arduino\hardware\sam\1.6.11\variants\arduino_due_x/libsam_sam3x8e_gcc_rel.a(uotghs_device.o)
                0x00081f7c                UDD_ClearSetupInt
 .text.UDD_Send
                0x00081f8c       0x88 C:\Users\hn\AppData\Local\arduino15\packages\arduino\hardware\sam\1.6.11\variants\arduino_due_x/libsam_sam3x8e_gcc_rel.a(uotghs_device.o)
                0x00081f8c                UDD_Send
 .text.UDD_Send8
                0x00082014       0x24 C:\Users\hn\AppData\Local\arduino15\packages\arduino\hardware\sam\1.6.11\variants\arduino_due_x/libsam_sam3x8e_gcc_rel.a(uotghs_device.o)
                0x00082014                UDD_Send8
 .text.UDD_Recv8
                0x00082038       0x28 C:\Users\hn\AppData\Local\arduino15\packages\arduino\hardware\sam\1.6.11\variants\arduino_due_x/libsam_sam3x8e_gcc_rel.a(uotghs_device.o)
                0x00082038                UDD_Recv8
 .text.UDD_Recv
                0x00082060       0x34 C:\Users\hn\AppData\Local\arduino15\packages\arduino\hardware\sam\1.6.11\variants\arduino_due_x/libsam_sam3x8e_gcc_rel.a(uotghs_device.o)
                0x00082060                UDD_Recv
 .text.UDD_Stall
                0x00082094       0x14 C:\Users\hn\AppData\Local\arduino15\packages\arduino\hardware\sam\1.6.11\variants\arduino_due_x/libsam_sam3x8e_gcc_rel.a(uotghs_device.o)
                0x00082094                UDD_Stall
 .text.UDD_FifoByteCount
                0x000820a8       0x14 C:\Users\hn\AppData\Local\arduino15\packages\arduino\hardware\sam\1.6.11\variants\arduino_due_x/libsam_sam3x8e_gcc_rel.a(uotghs_device.o)
                0x000820a8                UDD_FifoByteCount
 .text.UDD_ReleaseRX
                0x000820bc       0x28 C:\Users\hn\AppData\Local\arduino15\packages\arduino\hardware\sam\1.6.11\variants\arduino_due_x/libsam_sam3x8e_gcc_rel.a(uotghs_device.o)
                0x000820bc                UDD_ReleaseRX
 .text.UDD_ReleaseTX
                0x000820e4       0x28 C:\Users\hn\AppData\Local\arduino15\packages\arduino\hardware\sam\1.6.11\variants\arduino_due_x/libsam_sam3x8e_gcc_rel.a(uotghs_device.o)
                0x000820e4                UDD_ReleaseTX
 .text.UDD_SetAddress
                0x0008210c       0x20 C:\Users\hn\AppData\Local\arduino15\packages\arduino\hardware\sam\1.6.11\variants\arduino_due_x/libsam_sam3x8e_gcc_rel.a(uotghs_device.o)
                0x0008210c                UDD_SetAddress
 .text.__assert_func
                0x0008212c       0x3c c:/users/hn/appdata/local/arduino15/packages/arduino/tools/arm-none-eabi-gcc/4.8.3-2014q1/bin/../lib/gcc/arm-none-eabi/4.8.3/../../../../arm-none-eabi/lib/armv7-m\libg.a(lib_a-assert.o)
                0x0008212c                __assert_func
 .text.fiprintf
                0x00082168       0x28 c:/users/hn/appdata/local/arduino15/packages/arduino/tools/arm-none-eabi-gcc/4.8.3-2014q1/bin/../lib/gcc/arm-none-eabi/4.8.3/../../../../arm-none-eabi/lib/armv7-m\libg.a(lib_a-fiprintf.o)
                0x00082168                fiprintf
 .text.__libc_init_array
                0x00082190       0x50 c:/users/hn/appdata/local/arduino15/packages/arduino/tools/arm-none-eabi-gcc/4.8.3-2014q1/bin/../lib/gcc/arm-none-eabi/4.8.3/../../../../arm-none-eabi/lib/armv7-m\libg.a(lib_a-init.o)
                0x00082190                __libc_init_array
 .text.iprintf  0x000821e0       0x28 c:/users/hn/appdata/local/arduino15/packages/arduino/tools/arm-none-eabi-gcc/4.8.3-2014q1/bin/../lib/gcc/arm-none-eabi/4.8.3/../../../../arm-none-eabi/lib/armv7-m\libg.a(lib_a-iprintf.o)
                0x000821e0                iprintf
 .text.memset   0x00082208       0x94 c:/users/hn/appdata/local/arduino15/packages/arduino/tools/arm-none-eabi-gcc/4.8.3-2014q1/bin/../lib/gcc/arm-none-eabi/4.8.3/../../../../arm-none-eabi/lib/armv7-m\libg.a(lib_a-memset.o)
                0x00082208                memset
 .text.strlen   0x0008229c       0x60 c:/users/hn/appdata/local/arduino15/packages/arduino/tools/arm-none-eabi-gcc/4.8.3-2014q1/bin/../lib/gcc/arm-none-eabi/4.8.3/../../../../arm-none-eabi/lib/armv7-m\libg.a(lib_a-strlen.o)
                0x0008229c                strlen
 .text.kill     0x000822fc       0x10 c:/users/hn/appdata/local/arduino15/packages/arduino/tools/arm-none-eabi-gcc/4.8.3-2014q1/bin/../lib/gcc/arm-none-eabi/4.8.3/../../../../arm-none-eabi/lib/armv7-m\libg.a(lib_a-syskill.o)
                0x000822fc                kill
 .text.__sprint_r.part.0
                0x0008230c       0x78 c:/users/hn/appdata/local/arduino15/packages/arduino/tools/arm-none-eabi-gcc/4.8.3-2014q1/bin/../lib/gcc/arm-none-eabi/4.8.3/../../../../arm-none-eabi/lib/armv7-m\libg.a(lib_a-vfiprintf.o)
 .text._vfiprintf_r
                0x00082384      0xc54 c:/users/hn/appdata/local/arduino15/packages/arduino/tools/arm-none-eabi-gcc/4.8.3-2014q1/bin/../lib/gcc/arm-none-eabi/4.8.3/../../../../arm-none-eabi/lib/armv7-m\libg.a(lib_a-vfiprintf.o)
                0x00082384                _vfiprintf_r
 .text.__sbprintf
                0x00082fd8       0x7c c:/users/hn/appdata/local/arduino15/packages/arduino/tools/arm-none-eabi-gcc/4.8.3-2014q1/bin/../lib/gcc/arm-none-eabi/4.8.3/../../../../arm-none-eabi/lib/armv7-m\libg.a(lib_a-vfiprintf.o)
 .text.__swsetup_r
                0x00083054       0xc4 c:/users/hn/appdata/local/arduino15/packages/arduino/tools/arm-none-eabi-gcc/4.8.3-2014q1/bin/../lib/gcc/arm-none-eabi/4.8.3/../../../../arm-none-eabi/lib/armv7-m\libg.a(lib_a-wsetup.o)
                0x00083054                __swsetup_r
 .text.startup.register_fini
                0x00083118       0x14 c:/users/hn/appdata/local/arduino15/packages/arduino/tools/arm-none-eabi-gcc/4.8.3-2014q1/bin/../lib/gcc/arm-none-eabi/4.8.3/../../../../arm-none-eabi/lib/armv7-m\libg.a(lib_a-__call_atexit.o)
 .text.abort    0x0008312c       0x10 c:/users/hn/appdata/local/arduino15/packages/arduino/tools/arm-none-eabi-gcc/4.8.3-2014q1/bin/../lib/gcc/arm-none-eabi/4.8.3/../../../../arm-none-eabi/lib/armv7-m\libg.a(lib_a-abort.o)
                0x0008312c                abort
 .text.atexit   0x0008313c        0xc c:/users/hn/appdata/local/arduino15/packages/arduino/tools/arm-none-eabi-gcc/4.8.3-2014q1/bin/../lib/gcc/arm-none-eabi/4.8.3/../../../../arm-none-eabi/lib/armv7-m\libg.a(lib_a-atexit.o)
                0x0008313c                atexit
 .text.__sflush_r
                0x00083148      0x148 c:/users/hn/appdata/local/arduino15/packages/arduino/tools/arm-none-eabi-gcc/4.8.3-2014q1/bin/../lib/gcc/arm-none-eabi/4.8.3/../../../../arm-none-eabi/lib/armv7-m\libg.a(lib_a-fflush.o)
                0x00083148                __sflush_r
 .text._fflush_r
                0x00083290       0x2c c:/users/hn/appdata/local/arduino15/packages/arduino/tools/arm-none-eabi-gcc/4.8.3-2014q1/bin/../lib/gcc/arm-none-eabi/4.8.3/../../../../arm-none-eabi/lib/armv7-m\libg.a(lib_a-fflush.o)
                0x00083290                _fflush_r
 .text._cleanup_r
                0x000832bc        0xc c:/users/hn/appdata/local/arduino15/packages/arduino/tools/arm-none-eabi-gcc/4.8.3-2014q1/bin/../lib/gcc/arm-none-eabi/4.8.3/../../../../arm-none-eabi/lib/armv7-m\libg.a(lib_a-findfp.o)
                0x000832bc                _cleanup_r
 .text.__sinit  0x000832c8       0xf4 c:/users/hn/appdata/local/arduino15/packages/arduino/tools/arm-none-eabi-gcc/4.8.3-2014q1/bin/../lib/gcc/arm-none-eabi/4.8.3/../../../../arm-none-eabi/lib/armv7-m\libg.a(lib_a-findfp.o)
                0x000832c8                __sinit
 .text.__sfp_lock_acquire
                0x000833bc        0x4 c:/users/hn/appdata/local/arduino15/packages/arduino/tools/arm-none-eabi-gcc/4.8.3-2014q1/bin/../lib/gcc/arm-none-eabi/4.8.3/../../../../arm-none-eabi/lib/armv7-m\libg.a(lib_a-findfp.o)
                0x000833bc                __sfp_lock_acquire
 .text.__sfp_lock_release
                0x000833c0        0x4 c:/users/hn/appdata/local/arduino15/packages/arduino/tools/arm-none-eabi-gcc/4.8.3-2014q1/bin/../lib/gcc/arm-none-eabi/4.8.3/../../../../arm-none-eabi/lib/armv7-m\libg.a(lib_a-findfp.o)
                0x000833c0                __sfp_lock_release
 .text.__libc_fini_array
                0x000833c4       0x30 c:/users/hn/appdata/local/arduino15/packages/arduino/tools/arm-none-eabi-gcc/4.8.3-2014q1/bin/../lib/gcc/arm-none-eabi/4.8.3/../../../../arm-none-eabi/lib/armv7-m\libg.a(lib_a-fini.o)
                0x000833c4                __libc_fini_array
 .text._fputwc_r
                0x000833f4       0xc0 c:/users/hn/appdata/local/arduino15/packages/arduino/tools/arm-none-eabi-gcc/4.8.3-2014q1/bin/../lib/gcc/arm-none-eabi/4.8.3/../../../../arm-none-eabi/lib/armv7-m\libg.a(lib_a-fputwc.o)
                0x000833f4                _fputwc_r
 .text._malloc_trim_r
                0x000834b4       0x9c c:/users/hn/appdata/local/arduino15/packages/arduino/tools/arm-none-eabi-gcc/4.8.3-2014q1/bin/../lib/gcc/arm-none-eabi/4.8.3/../../../../arm-none-eabi/lib/armv7-m\libg.a(lib_a-freer.o)
                0x000834b4                _malloc_trim_r
 .text._free_r  0x00083550      0x198 c:/users/hn/appdata/local/arduino15/packages/arduino/tools/arm-none-eabi-gcc/4.8.3-2014q1/bin/../lib/gcc/arm-none-eabi/4.8.3/../../../../arm-none-eabi/lib/armv7-m\libg.a(lib_a-freer.o)
                0x00083550                _free_r
 .text.__sfvwrite_r
                0x000836e8      0x314 c:/users/hn/appdata/local/arduino15/packages/arduino/tools/arm-none-eabi-gcc/4.8.3-2014q1/bin/../lib/gcc/arm-none-eabi/4.8.3/../../../../arm-none-eabi/lib/armv7-m\libg.a(lib_a-fvwrite.o)
                0x000836e8                __sfvwrite_r
 .text._fwalk   0x000839fc       0x48 c:/users/hn/appdata/local/arduino15/packages/arduino/tools/arm-none-eabi-gcc/4.8.3-2014q1/bin/../lib/gcc/arm-none-eabi/4.8.3/../../../../arm-none-eabi/lib/armv7-m\libg.a(lib_a-fwalk.o)
                0x000839fc                _fwalk
 .text.__locale_charset
                0x00083a44        0x8 c:/users/hn/appdata/local/arduino15/packages/arduino/tools/arm-none-eabi-gcc/4.8.3-2014q1/bin/../lib/gcc/arm-none-eabi/4.8.3/../../../../arm-none-eabi/lib/armv7-m\libg.a(lib_a-locale.o)
                0x00083a44                __locale_charset
 .text.__locale_mb_cur_max
                0x00083a4c        0xc c:/users/hn/appdata/local/arduino15/packages/arduino/tools/arm-none-eabi-gcc/4.8.3-2014q1/bin/../lib/gcc/arm-none-eabi/4.8.3/../../../../arm-none-eabi/lib/armv7-m\libg.a(lib_a-locale.o)
                0x00083a4c                __locale_mb_cur_max
 .text.__smakebuf_r
                0x00083a58       0xe0 c:/users/hn/appdata/local/arduino15/packages/arduino/tools/arm-none-eabi-gcc/4.8.3-2014q1/bin/../lib/gcc/arm-none-eabi/4.8.3/../../../../arm-none-eabi/lib/armv7-m\libg.a(lib_a-makebuf.o)
                0x00083a58                __smakebuf_r
 .text._malloc_r
                0x00083b38      0x538 c:/users/hn/appdata/local/arduino15/packages/arduino/tools/arm-none-eabi-gcc/4.8.3-2014q1/bin/../lib/gcc/arm-none-eabi/4.8.3/../../../../arm-none-eabi/lib/armv7-m\libg.a(lib_a-mallocr.o)
                0x00083b38                _malloc_r
 .text.memchr   0x00084070       0x94 c:/users/hn/appdata/local/arduino15/packages/arduino/tools/arm-none-eabi-gcc/4.8.3-2014q1/bin/../lib/gcc/arm-none-eabi/4.8.3/../../../../arm-none-eabi/lib/armv7-m\libg.a(lib_a-memchr-stub.o)
                0x00084070                memchr
 .text          0x00084104       0xec c:/users/hn/appdata/local/arduino15/packages/arduino/tools/arm-none-eabi-gcc/4.8.3-2014q1/bin/../lib/gcc/arm-none-eabi/4.8.3/../../../../arm-none-eabi/lib/armv7-m\libg.a(lib_a-memcpy.o)
                0x00084104                memcpy
 .text.memmove  0x000841f0       0xcc c:/users/hn/appdata/local/arduino15/packages/arduino/tools/arm-none-eabi-gcc/4.8.3-2014q1/bin/../lib/gcc/arm-none-eabi/4.8.3/../../../../arm-none-eabi/lib/armv7-m\libg.a(lib_a-memmove.o)
                0x000841f0                memmove
 .text.__malloc_lock
                0x000842bc        0x4 c:/users/hn/appdata/local/arduino15/packages/arduino/tools/arm-none-eabi-gcc/4.8.3-2014q1/bin/../lib/gcc/arm-none-eabi/4.8.3/../../../../arm-none-eabi/lib/armv7-m\libg.a(lib_a-mlock.o)
                0x000842bc                __malloc_lock
 .text.__malloc_unlock
                0x000842c0        0x4 c:/users/hn/appdata/local/arduino15/packages/arduino/tools/arm-none-eabi-gcc/4.8.3-2014q1/bin/../lib/gcc/arm-none-eabi/4.8.3/../../../../arm-none-eabi/lib/armv7-m\libg.a(lib_a-mlock.o)
                0x000842c0                __malloc_unlock
 .text._realloc_r
                0x000842c4      0x3c0 c:/users/hn/appdata/local/arduino15/packages/arduino/tools/arm-none-eabi-gcc/4.8.3-2014q1/bin/../lib/gcc/arm-none-eabi/4.8.3/../../../../arm-none-eabi/lib/armv7-m\libg.a(lib_a-reallocr.o)
                0x000842c4                _realloc_r
 .text._sbrk_r  0x00084684       0x24 c:/users/hn/appdata/local/arduino15/packages/arduino/tools/arm-none-eabi-gcc/4.8.3-2014q1/bin/../lib/gcc/arm-none-eabi/4.8.3/../../../../arm-none-eabi/lib/armv7-m\libg.a(lib_a-sbrkr.o)
                0x00084684                _sbrk_r
 .text._raise_r
                0x000846a8       0x58 c:/users/hn/appdata/local/arduino15/packages/arduino/tools/arm-none-eabi-gcc/4.8.3-2014q1/bin/../lib/gcc/arm-none-eabi/4.8.3/../../../../arm-none-eabi/lib/armv7-m\libg.a(lib_a-signal.o)
                0x000846a8                _raise_r
 .text.raise    0x00084700       0x10 c:/users/hn/appdata/local/arduino15/packages/arduino/tools/arm-none-eabi-gcc/4.8.3-2014q1/bin/../lib/gcc/arm-none-eabi/4.8.3/../../../../arm-none-eabi/lib/armv7-m\libg.a(lib_a-signal.o)
                0x00084700                raise
 .text._kill_r  0x00084710       0x28 c:/users/hn/appdata/local/arduino15/packages/arduino/tools/arm-none-eabi-gcc/4.8.3-2014q1/bin/../lib/gcc/arm-none-eabi/4.8.3/../../../../arm-none-eabi/lib/armv7-m\libg.a(lib_a-signalr.o)
                0x00084710                _kill_r
 .text._getpid_r
                0x00084738        0x4 c:/users/hn/appdata/local/arduino15/packages/arduino/tools/arm-none-eabi-gcc/4.8.3-2014q1/bin/../lib/gcc/arm-none-eabi/4.8.3/../../../../arm-none-eabi/lib/armv7-m\libg.a(lib_a-signalr.o)
                0x00084738                _getpid_r
 .text.__sread  0x0008473c       0x24 c:/users/hn/appdata/local/arduino15/packages/arduino/tools/arm-none-eabi-gcc/4.8.3-2014q1/bin/../lib/gcc/arm-none-eabi/4.8.3/../../../../arm-none-eabi/lib/armv7-m\libg.a(lib_a-stdio.o)
                0x0008473c                __sread
 .text.__swrite
                0x00084760       0x38 c:/users/hn/appdata/local/arduino15/packages/arduino/tools/arm-none-eabi-gcc/4.8.3-2014q1/bin/../lib/gcc/arm-none-eabi/4.8.3/../../../../arm-none-eabi/lib/armv7-m\libg.a(lib_a-stdio.o)
                0x00084760                __swrite
 .text.__sseek  0x00084798       0x20 c:/users/hn/appdata/local/arduino15/packages/arduino/tools/arm-none-eabi-gcc/4.8.3-2014q1/bin/../lib/gcc/arm-none-eabi/4.8.3/../../../../arm-none-eabi/lib/armv7-m\libg.a(lib_a-stdio.o)
                0x00084798                __sseek
 .text.__sclose
                0x000847b8        0x8 c:/users/hn/appdata/local/arduino15/packages/arduino/tools/arm-none-eabi-gcc/4.8.3-2014q1/bin/../lib/gcc/arm-none-eabi/4.8.3/../../../../arm-none-eabi/lib/armv7-m\libg.a(lib_a-stdio.o)
                0x000847b8                __sclose
 .text.__swbuf_r
                0x000847c0       0xa8 c:/users/hn/appdata/local/arduino15/packages/arduino/tools/arm-none-eabi-gcc/4.8.3-2014q1/bin/../lib/gcc/arm-none-eabi/4.8.3/../../../../arm-none-eabi/lib/armv7-m\libg.a(lib_a-wbuf.o)
                0x000847c0                __swbuf_r
 .text._wcrtomb_r
                0x00084868       0x50 c:/users/hn/appdata/local/arduino15/packages/arduino/tools/arm-none-eabi-gcc/4.8.3-2014q1/bin/../lib/gcc/arm-none-eabi/4.8.3/../../../../arm-none-eabi/lib/armv7-m\libg.a(lib_a-wcrtomb.o)
                0x00084868                _wcrtomb_r
 .text.__ascii_wctomb
                0x000848b8       0x1c c:/users/hn/appdata/local/arduino15/packages/arduino/tools/arm-none-eabi-gcc/4.8.3-2014q1/bin/../lib/gcc/arm-none-eabi/4.8.3/../../../../arm-none-eabi/lib/armv7-m\libg.a(lib_a-wctomb_r.o)
                0x000848b8                __ascii_wctomb
 .text._write_r
                0x000848d4       0x28 c:/users/hn/appdata/local/arduino15/packages/arduino/tools/arm-none-eabi-gcc/4.8.3-2014q1/bin/../lib/gcc/arm-none-eabi/4.8.3/../../../../arm-none-eabi/lib/armv7-m\libg.a(lib_a-writer.o)
                0x000848d4                _write_r
 .text.__register_exitproc
                0x000848fc       0xa8 c:/users/hn/appdata/local/arduino15/packages/arduino/tools/arm-none-eabi-gcc/4.8.3-2014q1/bin/../lib/gcc/arm-none-eabi/4.8.3/../../../../arm-none-eabi/lib/armv7-m\libg.a(lib_a-__atexit.o)
                0x000848fc                __register_exitproc
 .text._close_r
                0x000849a4       0x24 c:/users/hn/appdata/local/arduino15/packages/arduino/tools/arm-none-eabi-gcc/4.8.3-2014q1/bin/../lib/gcc/arm-none-eabi/4.8.3/../../../../arm-none-eabi/lib/armv7-m\libg.a(lib_a-closer.o)
                0x000849a4                _close_r
 .text._fclose_r
                0x000849c8       0x80 c:/users/hn/appdata/local/arduino15/packages/arduino/tools/arm-none-eabi-gcc/4.8.3-2014q1/bin/../lib/gcc/arm-none-eabi/4.8.3/../../../../arm-none-eabi/lib/armv7-m\libg.a(lib_a-fclose.o)
                0x000849c8                _fclose_r
 .text.fclose   0x00084a48       0x10 c:/users/hn/appdata/local/arduino15/packages/arduino/tools/arm-none-eabi-gcc/4.8.3-2014q1/bin/../lib/gcc/arm-none-eabi/4.8.3/../../../../arm-none-eabi/lib/armv7-m\libg.a(lib_a-fclose.o)
                0x00084a48                fclose
 .text._fstat_r
                0x00084a58       0x28 c:/users/hn/appdata/local/arduino15/packages/arduino/tools/arm-none-eabi-gcc/4.8.3-2014q1/bin/../lib/gcc/arm-none-eabi/4.8.3/../../../../arm-none-eabi/lib/armv7-m\libg.a(lib_a-fstatr.o)
                0x00084a58                _fstat_r
 .text._isatty_r
                0x00084a80       0x24 c:/users/hn/appdata/local/arduino15/packages/arduino/tools/arm-none-eabi-gcc/4.8.3-2014q1/bin/../lib/gcc/arm-none-eabi/4.8.3/../../../../arm-none-eabi/lib/armv7-m\libg.a(lib_a-isattyr.o)
                0x00084a80                _isatty_r
 .text._lseek_r
                0x00084aa4       0x28 c:/users/hn/appdata/local/arduino15/packages/arduino/tools/arm-none-eabi-gcc/4.8.3-2014q1/bin/../lib/gcc/arm-none-eabi/4.8.3/../../../../arm-none-eabi/lib/armv7-m\libg.a(lib_a-lseekr.o)
                0x00084aa4                _lseek_r
 .text._read_r  0x00084acc       0x28 c:/users/hn/appdata/local/arduino15/packages/arduino/tools/arm-none-eabi-gcc/4.8.3-2014q1/bin/../lib/gcc/arm-none-eabi/4.8.3/../../../../arm-none-eabi/lib/armv7-m\libg.a(lib_a-readr.o)
                0x00084acc                _read_r
 .text          0x00084af4       0x2c c:/users/hn/appdata/local/arduino15/packages/arduino/tools/arm-none-eabi-gcc/4.8.3-2014q1/bin/../lib/gcc/arm-none-eabi/4.8.3/armv7-m\libgcc.a(_aeabi_uldivmod.o)
                0x00084af4                __aeabi_uldivmod
 .text          0x00084b20       0x60 c:/users/hn/appdata/local/arduino15/packages/arduino/tools/arm-none-eabi-gcc/4.8.3-2014q1/bin/../lib/gcc/arm-none-eabi/4.8.3/armv7-m\libgcc.a(bpabi.o)
                0x00084b20                __gnu_ldivmod_helper
                0x00084b50                __gnu_uldivmod_helper
 .text          0x00084b80        0x4 c:/users/hn/appdata/local/arduino15/packages/arduino/tools/arm-none-eabi-gcc/4.8.3-2014q1/bin/../lib/gcc/arm-none-eabi/4.8.3/armv7-m\libgcc.a(_dvmd_tls.o)
                0x00084b80                __aeabi_idiv0
                0x00084b80                __aeabi_ldiv0
 .text          0x00084b84      0x2a0 c:/users/hn/appdata/local/arduino15/packages/arduino/tools/arm-none-eabi-gcc/4.8.3-2014q1/bin/../lib/gcc/arm-none-eabi/4.8.3/armv7-m\libgcc.a(_divdi3.o)
                0x00084b84                __divdi3
 .text          0x00084e24      0x290 c:/users/hn/appdata/local/arduino15/packages/arduino/tools/arm-none-eabi-gcc/4.8.3-2014q1/bin/../lib/gcc/arm-none-eabi/4.8.3/armv7-m\libgcc.a(_udivdi3.o)
                0x00084e24                __udivdi3
 *(.glue_7t)
 .glue_7t       0x00000000        0x0 linker stubs
 *(.glue_7)
 .glue_7        0x00000000        0x0 linker stubs
 *(.rodata .rodata* .gnu.linkonce.r.*)
 *fill*         0x000850b4        0x4 
 .rodata._ZTV7TwoWire
                0x000850b8       0x20 C:\Users\hn\AppData\Local\Temp\VMBuilds\arduino\arduino_due_x_dbg\Debug\Wire\Wire.cpp.o
                0x000850b8                vtable for TwoWire
 .rodata.g_APinDescription
                0x000850d8      0xa2c C:\Users\hn\AppData\Local\Temp\VMBuilds\arduino\arduino_due_x_dbg\Debug\variant\variant.cpp.o
                0x000850d8                g_APinDescription
 .rodata.__func__.7227
                0x00085b04        0xe C:\Users\hn\AppData\Local\arduino15\packages\arduino\hardware\sam\1.6.11\variants\arduino_due_x/libsam_sam3x8e_gcc_rel.a(twi.o)
 .rodata.__func__.7157
                0x00085b12        0xd C:\Users\hn\AppData\Local\arduino15\packages\arduino\hardware\sam\1.6.11\variants\arduino_due_x/libsam_sam3x8e_gcc_rel.a(twi.o)
 .rodata.__func__.7172
                0x00085b1f       0x13 C:\Users\hn\AppData\Local\arduino15\packages\arduino\hardware\sam\1.6.11\variants\arduino_due_x/libsam_sam3x8e_gcc_rel.a(twi.o)
 .rodata.__func__.7176
                0x00085b32        0xc C:\Users\hn\AppData\Local\arduino15\packages\arduino\hardware\sam\1.6.11\variants\arduino_due_x/libsam_sam3x8e_gcc_rel.a(twi.o)
 .rodata.str1.1
                0x00085b3e       0xb4 C:\Users\hn\AppData\Local\arduino15\packages\arduino\hardware\sam\1.6.11\variants\arduino_due_x/libsam_sam3x8e_gcc_rel.a(twi.o)
 .rodata.__func__.7231
                0x00085bf2        0xe C:\Users\hn\AppData\Local\arduino15\packages\arduino\hardware\sam\1.6.11\variants\arduino_due_x/libsam_sam3x8e_gcc_rel.a(twi.o)
 .rodata.__func__.7195
                0x00085c00        0xd C:\Users\hn\AppData\Local\arduino15\packages\arduino\hardware\sam\1.6.11\variants\arduino_due_x/libsam_sam3x8e_gcc_rel.a(twi.o)
 .rodata.__func__.7222
                0x00085c0d        0xd C:\Users\hn\AppData\Local\arduino15\packages\arduino\hardware\sam\1.6.11\variants\arduino_due_x/libsam_sam3x8e_gcc_rel.a(twi.o)
 .rodata.__func__.7200
                0x00085c1a        0xe C:\Users\hn\AppData\Local\arduino15\packages\arduino\hardware\sam\1.6.11\variants\arduino_due_x/libsam_sam3x8e_gcc_rel.a(twi.o)
 .rodata        0x00085c28       0x40 C:\Users\hn\AppData\Local\arduino15\packages\arduino\hardware\sam\1.6.11\variants\arduino_due_x/libsam_sam3x8e_gcc_rel.a(adc.o)
 .rodata.str1.1
                0x00085c68       0x19 C:\Users\hn\AppData\Local\Temp\VMBuilds\arduino\arduino_due_x_dbg\Debug/core.a(syscalls_sam3.c.o)
 *fill*         0x00085c81        0x7 
 .rodata._ZTV9UARTClass
                0x00085c88       0x30 C:\Users\hn\AppData\Local\Temp\VMBuilds\arduino\arduino_due_x_dbg\Debug/core.a(UARTClass.cpp.o)
                0x00085c88                vtable for UARTClass
 .rodata._ZTV10USARTClass
                0x00085cb8       0x30 C:\Users\hn\AppData\Local\Temp\VMBuilds\arduino\arduino_due_x_dbg\Debug/core.a(USARTClass.cpp.o)
                0x00085cb8                vtable for USARTClass
 .rodata.STRING_PRODUCT
                0x00085ce8        0xc C:\Users\hn\AppData\Local\Temp\VMBuilds\arduino\arduino_due_x_dbg\Debug/core.a(USBCore.cpp.o)
                0x00085ce8                STRING_PRODUCT
 .rodata.USB_DeviceDescriptor
                0x00085cf4       0x12 C:\Users\hn\AppData\Local\Temp\VMBuilds\arduino\arduino_due_x_dbg\Debug/core.a(USBCore.cpp.o)
                0x00085cf4                USB_DeviceDescriptor
 .rodata.STRING_LANGUAGE
                0x00085d06        0x4 C:\Users\hn\AppData\Local\Temp\VMBuilds\arduino\arduino_due_x_dbg\Debug/core.a(USBCore.cpp.o)
                0x00085d06                STRING_LANGUAGE
 .rodata._ZL18test_packet_buffer
                0x00085d0a       0x35 C:\Users\hn\AppData\Local\Temp\VMBuilds\arduino\arduino_due_x_dbg\Debug/core.a(USBCore.cpp.o)
 .rodata.STRING_MANUFACTURER
                0x00085d3f        0xc C:\Users\hn\AppData\Local\Temp\VMBuilds\arduino\arduino_due_x_dbg\Debug/core.a(USBCore.cpp.o)
                0x00085d3f                STRING_MANUFACTURER
 .rodata.USB_DeviceDescriptorA
                0x00085d4b       0x12 C:\Users\hn\AppData\Local\Temp\VMBuilds\arduino\arduino_due_x_dbg\Debug/core.a(USBCore.cpp.o)
                0x00085d4b                USB_DeviceDescriptorA
 .rodata._ZL19USB_DeviceQualifier
                0x00085d5d        0x9 C:\Users\hn\AppData\Local\Temp\VMBuilds\arduino\arduino_due_x_dbg\Debug/core.a(USBCore.cpp.o)
 *fill*         0x00085d66        0x2 
 .rodata._ZTV7Serial_
                0x00085d68       0x28 C:\Users\hn\AppData\Local\Temp\VMBuilds\arduino\arduino_due_x_dbg\Debug/core.a(CDC.cpp.o)
                0x00085d68                vtable for Serial_
 .rodata._ZL18_cdcOtherInterface
                0x00085d90       0x42 C:\Users\hn\AppData\Local\Temp\VMBuilds\arduino\arduino_due_x_dbg\Debug/core.a(CDC.cpp.o)
 .rodata._ZL13_cdcInterface
                0x00085dd2       0x42 C:\Users\hn\AppData\Local\Temp\VMBuilds\arduino\arduino_due_x_dbg\Debug/core.a(CDC.cpp.o)
 .rodata.str1.4
                0x00085e14       0x3f c:/users/hn/appdata/local/arduino15/packages/arduino/tools/arm-none-eabi-gcc/4.8.3-2014q1/bin/../lib/gcc/arm-none-eabi/4.8.3/../../../../arm-none-eabi/lib/armv7-m\libg.a(lib_a-assert.o)
                                 0x44 (size before relaxing)
 *fill*         0x00085e53        0x1 
 .rodata.str1.4
                0x00085e54        0x2 c:/users/hn/appdata/local/arduino15/packages/arduino/tools/arm-none-eabi-gcc/4.8.3-2014q1/bin/../lib/gcc/arm-none-eabi/4.8.3/../../../../arm-none-eabi/lib/armv7-m\libg.a(lib_a-impure.o)
                                  0x4 (size before relaxing)
 *fill*         0x00085e56        0x2 
 .rodata._global_impure_ptr
                0x00085e58        0x4 c:/users/hn/appdata/local/arduino15/packages/arduino/tools/arm-none-eabi-gcc/4.8.3-2014q1/bin/../lib/gcc/arm-none-eabi/4.8.3/../../../../arm-none-eabi/lib/armv7-m\libg.a(lib_a-impure.o)
                0x00085e58                _global_impure_ptr
 .rodata.blanks.6717
                0x00085e5c       0x10 c:/users/hn/appdata/local/arduino15/packages/arduino/tools/arm-none-eabi-gcc/4.8.3-2014q1/bin/../lib/gcc/arm-none-eabi/4.8.3/../../../../arm-none-eabi/lib/armv7-m\libg.a(lib_a-vfiprintf.o)
 .rodata.str1.4
                0x00085e6c       0x30 c:/users/hn/appdata/local/arduino15/packages/arduino/tools/arm-none-eabi-gcc/4.8.3-2014q1/bin/../lib/gcc/arm-none-eabi/4.8.3/../../../../arm-none-eabi/lib/armv7-m\libg.a(lib_a-vfiprintf.o)
 .rodata.zeroes.6718
                0x00085e9c       0x10 c:/users/hn/appdata/local/arduino15/packages/arduino/tools/arm-none-eabi-gcc/4.8.3-2014q1/bin/../lib/gcc/arm-none-eabi/4.8.3/../../../../arm-none-eabi/lib/armv7-m\libg.a(lib_a-vfiprintf.o)
 *(.ARM.extab* .gnu.linkonce.armextab.*)
                0x00085eac                . = ALIGN (0x4)
 *(.init)
 .init          0x00085eac        0x4 c:/users/hn/appdata/local/arduino15/packages/arduino/tools/arm-none-eabi-gcc/4.8.3-2014q1/bin/../lib/gcc/arm-none-eabi/4.8.3/armv7-m/crti.o
                0x00085eac                _init
 .init          0x00085eb0        0x8 c:/users/hn/appdata/local/arduino15/packages/arduino/tools/arm-none-eabi-gcc/4.8.3-2014q1/bin/../lib/gcc/arm-none-eabi/4.8.3/armv7-m/crtn.o
                0x00085eb8                . = ALIGN (0x4)
                0x00085eb8                __preinit_array_start = .
 *(.preinit_array)
                0x00085eb8                __preinit_array_end = .
                0x00085eb8                . = ALIGN (0x4)
                0x00085eb8                __init_array_start = .
 *(SORT(.init_array.*))
 .init_array.00000
                0x00085eb8        0x4 c:/users/hn/appdata/local/arduino15/packages/arduino/tools/arm-none-eabi-gcc/4.8.3-2014q1/bin/../lib/gcc/arm-none-eabi/4.8.3/../../../../arm-none-eabi/lib/armv7-m\libg.a(lib_a-__call_atexit.o)
 *(.init_array)
 .init_array    0x00085ebc        0x4 c:/users/hn/appdata/local/arduino15/packages/arduino/tools/arm-none-eabi-gcc/4.8.3-2014q1/bin/../lib/gcc/arm-none-eabi/4.8.3/armv7-m/crtbegin.o
 .init_array    0x00085ec0        0x4 C:\Users\hn\AppData\Local\Temp\VMBuilds\arduino\arduino_due_x_dbg\Debug\arduino.cpp.o
 .init_array    0x00085ec4        0x4 C:\Users\hn\AppData\Local\Temp\VMBuilds\arduino\arduino_due_x_dbg\Debug\Wire\Wire.cpp.o
 .init_array    0x00085ec8        0x4 C:\Users\hn\AppData\Local\Temp\VMBuilds\arduino\arduino_due_x_dbg\Debug\variant\variant.cpp.o
 .init_array    0x00085ecc        0x4 C:\Users\hn\AppData\Local\Temp\VMBuilds\arduino\arduino_due_x_dbg\Debug/core.a(USBCore.cpp.o)
 .init_array    0x00085ed0        0x4 C:\Users\hn\AppData\Local\Temp\VMBuilds\arduino\arduino_due_x_dbg\Debug/core.a(CDC.cpp.o)
                0x00085ed4                __init_array_end = .
                0x00085ed4                . = ALIGN (0x4)
 *crtbegin.o(.ctors)
 *(EXCLUDE_FILE(*crtend.o) .ctors)
 *(SORT(.ctors.*))
 *crtend.o(.ctors)
                0x00085ed4                . = ALIGN (0x4)
 *(.fini)
 .fini          0x00085ed4        0x4 c:/users/hn/appdata/local/arduino15/packages/arduino/tools/arm-none-eabi-gcc/4.8.3-2014q1/bin/../lib/gcc/arm-none-eabi/4.8.3/armv7-m/crti.o
                0x00085ed4                _fini
 .fini          0x00085ed8        0x8 c:/users/hn/appdata/local/arduino15/packages/arduino/tools/arm-none-eabi-gcc/4.8.3-2014q1/bin/../lib/gcc/arm-none-eabi/4.8.3/armv7-m/crtn.o
                0x00085ee0                . = ALIGN (0x4)
                0x00085ee0                __fini_array_start = .
 *(.fini_array)
 .fini_array    0x00085ee0        0x4 c:/users/hn/appdata/local/arduino15/packages/arduino/tools/arm-none-eabi-gcc/4.8.3-2014q1/bin/../lib/gcc/arm-none-eabi/4.8.3/armv7-m/crtbegin.o
 *(SORT(.fini_array.*))
                0x00085ee4                __fini_array_end = .
 *crtbegin.o(.dtors)
 *(EXCLUDE_FILE(*crtend.o) .dtors)
 *(SORT(.dtors.*))
 *crtend.o(.dtors)
                0x00085ee4                . = ALIGN (0x4)
                0x00085ee4                _efixed = .
                0x00085ee4                PROVIDE (__exidx_start, .)

.vfp11_veneer   0x00085ee4        0x0
 .vfp11_veneer  0x00000000        0x0 linker stubs

.v4_bx          0x00085ee4        0x0
 .v4_bx         0x00000000        0x0 linker stubs

.iplt           0x00085ee4        0x0
 .iplt          0x00000000        0x0 c:/users/hn/appdata/local/arduino15/packages/arduino/tools/arm-none-eabi-gcc/4.8.3-2014q1/bin/../lib/gcc/arm-none-eabi/4.8.3/armv7-m/crtbegin.o

.ARM.exidx      0x00085ee4        0x8
 *(.ARM.exidx* .gnu.linkonce.armexidx.*)
 .ARM.exidx     0x00085ee4        0x8 c:/users/hn/appdata/local/arduino15/packages/arduino/tools/arm-none-eabi-gcc/4.8.3-2014q1/bin/../lib/gcc/arm-none-eabi/4.8.3/armv7-m\libgcc.a(_divdi3.o)
 .ARM.exidx     0x00085eec        0x0 c:/users/hn/appdata/local/arduino15/packages/arduino/tools/arm-none-eabi-gcc/4.8.3-2014q1/bin/../lib/gcc/arm-none-eabi/4.8.3/armv7-m\libgcc.a(_udivdi3.o)
                                  0x8 (size before relaxing)
                0x00085eec                PROVIDE (__exidx_end, .)

.eh_frame       0x00085eec        0x0
 .eh_frame      0x00085eec        0x0 c:/users/hn/appdata/local/arduino15/packages/arduino/tools/arm-none-eabi-gcc/4.8.3-2014q1/bin/../lib/gcc/arm-none-eabi/4.8.3/armv7-m/crtbegin.o

.rel.dyn        0x00085eec        0x0
 .rel.iplt      0x00000000        0x0 c:/users/hn/appdata/local/arduino15/packages/arduino/tools/arm-none-eabi-gcc/4.8.3-2014q1/bin/../lib/gcc/arm-none-eabi/4.8.3/armv7-m/crtbegin.o

.jcr            0x00085eec        0x0
 .jcr           0x00085eec        0x0 c:/users/hn/appdata/local/arduino15/packages/arduino/tools/arm-none-eabi-gcc/4.8.3-2014q1/bin/../lib/gcc/arm-none-eabi/4.8.3/armv7-m/crtbegin.o

.igot.plt       0x00085eec        0x0
 .igot.plt      0x00000000        0x0 c:/users/hn/appdata/local/arduino15/packages/arduino/tools/arm-none-eabi-gcc/4.8.3-2014q1/bin/../lib/gcc/arm-none-eabi/4.8.3/armv7-m/crtbegin.o
                0x00085eec                . = ALIGN (0x4)
                0x00085eec                _etext = .

.relocate       0x20070000      0x8d4 load address 0x00085eec
                0x20070000                . = ALIGN (0x4)
                0x20070000                _srelocate = .
 *(.ramfunc .ramfunc.*)
 .ramfunc       0x20070000       0x2c C:\Users\hn\AppData\Local\Temp\VMBuilds\arduino\arduino_due_x_dbg\Debug/core.a(Reset.cpp.o)
                0x20070000                banzai
 *(.data .data.*)
 .data.val      0x2007002c        0x4 C:\Users\hn\AppData\Local\Temp\VMBuilds\arduino\arduino_due_x_dbg\Debug\arduino.cpp.o
                0x2007002c                val
 .data.SystemCoreClock
                0x20070030        0x4 C:\Users\hn\AppData\Local\arduino15\packages\arduino\hardware\sam\1.6.11\variants\arduino_due_x/libsam_sam3x8e_gcc_rel.a(system_sam3xa.o)
                0x20070030                SystemCoreClock
 .data._ZL5ticks
                0x20070034        0x4 C:\Users\hn\AppData\Local\Temp\VMBuilds\arduino\arduino_due_x_dbg\Debug/core.a(Reset.cpp.o)
 .data.EndPoints
                0x20070038       0x28 C:\Users\hn\AppData\Local\Temp\VMBuilds\arduino\arduino_due_x_dbg\Debug/core.a(USBCore.cpp.o)
                0x20070038                EndPoints
 .data._ZL10breakValue
                0x20070060        0x4 C:\Users\hn\AppData\Local\Temp\VMBuilds\arduino\arduino_due_x_dbg\Debug/core.a(CDC.cpp.o)
 .data._ZL12_usbLineInfo
                0x20070064        0x8 C:\Users\hn\AppData\Local\Temp\VMBuilds\arduino\arduino_due_x_dbg\Debug/core.a(CDC.cpp.o)
 .data.g_interrupt_enabled
                0x2007006c        0x4 C:\Users\hn\AppData\Local\arduino15\packages\arduino\hardware\sam\1.6.11\variants\arduino_due_x/libsam_sam3x8e_gcc_rel.a(interrupt_sam_nvic.o)
                0x2007006c                g_interrupt_enabled
 .data.impure_data
                0x20070070      0x428 c:/users/hn/appdata/local/arduino15/packages/arduino/tools/arm-none-eabi-gcc/4.8.3-2014q1/bin/../lib/gcc/arm-none-eabi/4.8.3/../../../../arm-none-eabi/lib/armv7-m\libg.a(lib_a-impure.o)
 .data._impure_ptr
                0x20070498        0x4 c:/users/hn/appdata/local/arduino15/packages/arduino/tools/arm-none-eabi-gcc/4.8.3-2014q1/bin/../lib/gcc/arm-none-eabi/4.8.3/../../../../arm-none-eabi/lib/armv7-m\libg.a(lib_a-impure.o)
                0x20070498                _impure_ptr
 .data.lc_ctype_charset
                0x2007049c       0x20 c:/users/hn/appdata/local/arduino15/packages/arduino/tools/arm-none-eabi-gcc/4.8.3-2014q1/bin/../lib/gcc/arm-none-eabi/4.8.3/../../../../arm-none-eabi/lib/armv7-m\libg.a(lib_a-locale.o)
 .data.__mb_cur_max
                0x200704bc        0x4 c:/users/hn/appdata/local/arduino15/packages/arduino/tools/arm-none-eabi-gcc/4.8.3-2014q1/bin/../lib/gcc/arm-none-eabi/4.8.3/../../../../arm-none-eabi/lib/armv7-m\libg.a(lib_a-locale.o)
                0x200704bc                __mb_cur_max
 .data.__malloc_av_
                0x200704c0      0x408 c:/users/hn/appdata/local/arduino15/packages/arduino/tools/arm-none-eabi-gcc/4.8.3-2014q1/bin/../lib/gcc/arm-none-eabi/4.8.3/../../../../arm-none-eabi/lib/armv7-m\libg.a(lib_a-mallocr.o)
                0x200704c0                __malloc_av_
 .data.__malloc_trim_threshold
                0x200708c8        0x4 c:/users/hn/appdata/local/arduino15/packages/arduino/tools/arm-none-eabi-gcc/4.8.3-2014q1/bin/../lib/gcc/arm-none-eabi/4.8.3/../../../../arm-none-eabi/lib/armv7-m\libg.a(lib_a-mallocr.o)
                0x200708c8                __malloc_trim_threshold
 .data.__malloc_sbrk_base
                0x200708cc        0x4 c:/users/hn/appdata/local/arduino15/packages/arduino/tools/arm-none-eabi-gcc/4.8.3-2014q1/bin/../lib/gcc/arm-none-eabi/4.8.3/../../../../arm-none-eabi/lib/armv7-m\libg.a(lib_a-mallocr.o)
                0x200708cc                __malloc_sbrk_base
 .data.__wctomb
                0x200708d0        0x4 c:/users/hn/appdata/local/arduino15/packages/arduino/tools/arm-none-eabi-gcc/4.8.3-2014q1/bin/../lib/gcc/arm-none-eabi/4.8.3/../../../../arm-none-eabi/lib/armv7-m\libg.a(lib_a-wctomb_r.o)
                0x200708d0                __wctomb
                0x200708d4                . = ALIGN (0x4)
                0x200708d4                _erelocate = .

.bss            0x200708d4      0x958 load address 0x000867c0
                0x200708d4                . = ALIGN (0x4)
                0x200708d4                _sbss = .
                0x200708d4                _szero = .
 *(.bss .bss.*)
 .bss           0x200708d4       0x1c c:/users/hn/appdata/local/arduino15/packages/arduino/tools/arm-none-eabi-gcc/4.8.3-2014q1/bin/../lib/gcc/arm-none-eabi/4.8.3/armv7-m/crtbegin.o
 .bss.ST        0x200708f0        0x8 C:\Users\hn\AppData\Local\Temp\VMBuilds\arduino\arduino_due_x_dbg\Debug\arduino.cpp.o
                0x200708f0                ST
 .bss.Wire1     0x200708f8       0x94 C:\Users\hn\AppData\Local\Temp\VMBuilds\arduino\arduino_due_x_dbg\Debug\Wire\Wire.cpp.o
                0x200708f8                Wire1
 .bss.Wire      0x2007098c       0x94 C:\Users\hn\AppData\Local\Temp\VMBuilds\arduino\arduino_due_x_dbg\Debug\Wire\Wire.cpp.o
                0x2007098c                Wire
 .bss.tx_buffer2
                0x20070a20       0x88 C:\Users\hn\AppData\Local\Temp\VMBuilds\arduino\arduino_due_x_dbg\Debug\variant\variant.cpp.o
                0x20070a20                tx_buffer2
 .bss.tx_buffer1
                0x20070aa8       0x88 C:\Users\hn\AppData\Local\Temp\VMBuilds\arduino\arduino_due_x_dbg\Debug\variant\variant.cpp.o
                0x20070aa8                tx_buffer1
 .bss.Serial    0x20070b30       0x24 C:\Users\hn\AppData\Local\Temp\VMBuilds\arduino\arduino_due_x_dbg\Debug\variant\variant.cpp.o
                0x20070b30                Serial
 .bss.rx_buffer1
                0x20070b54       0x88 C:\Users\hn\AppData\Local\Temp\VMBuilds\arduino\arduino_due_x_dbg\Debug\variant\variant.cpp.o
                0x20070b54                rx_buffer1
 .bss.Serial1   0x20070bdc       0x28 C:\Users\hn\AppData\Local\Temp\VMBuilds\arduino\arduino_due_x_dbg\Debug\variant\variant.cpp.o
                0x20070bdc                Serial1
 .bss.Serial2   0x20070c04       0x28 C:\Users\hn\AppData\Local\Temp\VMBuilds\arduino\arduino_due_x_dbg\Debug\variant\variant.cpp.o
                0x20070c04                Serial2
 .bss.Serial3   0x20070c2c       0x28 C:\Users\hn\AppData\Local\Temp\VMBuilds\arduino\arduino_due_x_dbg\Debug\variant\variant.cpp.o
                0x20070c2c                Serial3
 .bss.tx_buffer3
                0x20070c54       0x88 C:\Users\hn\AppData\Local\Temp\VMBuilds\arduino\arduino_due_x_dbg\Debug\variant\variant.cpp.o
                0x20070c54                tx_buffer3
 .bss.tx_buffer4
                0x20070cdc       0x88 C:\Users\hn\AppData\Local\Temp\VMBuilds\arduino\arduino_due_x_dbg\Debug\variant\variant.cpp.o
                0x20070cdc                tx_buffer4
 .bss.g_pinStatus
                0x20070d64       0x4f C:\Users\hn\AppData\Local\Temp\VMBuilds\arduino\arduino_due_x_dbg\Debug\variant\variant.cpp.o
                0x20070d64                g_pinStatus
 *fill*         0x20070db3        0x1 
 .bss.rx_buffer2
                0x20070db4       0x88 C:\Users\hn\AppData\Local\Temp\VMBuilds\arduino\arduino_due_x_dbg\Debug\variant\variant.cpp.o
                0x20070db4                rx_buffer2
 .bss.rx_buffer3
                0x20070e3c       0x88 C:\Users\hn\AppData\Local\Temp\VMBuilds\arduino\arduino_due_x_dbg\Debug\variant\variant.cpp.o
                0x20070e3c                rx_buffer3
 .bss.rx_buffer4
                0x20070ec4       0x88 C:\Users\hn\AppData\Local\Temp\VMBuilds\arduino\arduino_due_x_dbg\Debug\variant\variant.cpp.o
                0x20070ec4                rx_buffer4
 .bss.gpf_isr   0x20070f4c        0x4 C:\Users\hn\AppData\Local\arduino15\packages\arduino\hardware\sam\1.6.11\variants\arduino_due_x/libsam_sam3x8e_gcc_rel.a(uotghs.o)
                0x20070f4c                gpf_isr
 .bss.heap.6420
                0x20070f50        0x4 C:\Users\hn\AppData\Local\Temp\VMBuilds\arduino\arduino_due_x_dbg\Debug/core.a(syscalls_sam3.c.o)
 .bss._cmark    0x20070f54        0x2 C:\Users\hn\AppData\Local\Temp\VMBuilds\arduino\arduino_due_x_dbg\Debug/core.a(USBCore.cpp.o)
                0x20070f54                _cmark
 .bss._ZL14isEndpointHalt
                0x20070f56        0x1 C:\Users\hn\AppData\Local\Temp\VMBuilds\arduino\arduino_due_x_dbg\Debug/core.a(USBCore.cpp.o)
 *fill*         0x20070f57        0x1 
 .bss._cdcComposite
                0x20070f58        0x4 C:\Users\hn\AppData\Local\Temp\VMBuilds\arduino\arduino_due_x_dbg\Debug/core.a(USBCore.cpp.o)
                0x20070f58                _cdcComposite
 .bss._ZL21isRemoteWakeUpEnabled
                0x20070f5c        0x1 C:\Users\hn\AppData\Local\Temp\VMBuilds\arduino\arduino_due_x_dbg\Debug/core.a(USBCore.cpp.o)
 *fill*         0x20070f5d        0x3 
 .bss._usbInitialized
                0x20070f60        0x4 C:\Users\hn\AppData\Local\Temp\VMBuilds\arduino\arduino_due_x_dbg\Debug/core.a(USBCore.cpp.o)
                0x20070f60                _usbInitialized
 .bss.USBDevice
                0x20070f64        0x1 C:\Users\hn\AppData\Local\Temp\VMBuilds\arduino\arduino_due_x_dbg\Debug/core.a(USBCore.cpp.o)
                0x20070f64                USBDevice
 *fill*         0x20070f65        0x3 
 .bss._usbSetInterface
                0x20070f68        0x4 C:\Users\hn\AppData\Local\Temp\VMBuilds\arduino\arduino_due_x_dbg\Debug/core.a(USBCore.cpp.o)
                0x20070f68                _usbSetInterface
 .bss._cend     0x20070f6c        0x2 C:\Users\hn\AppData\Local\Temp\VMBuilds\arduino\arduino_due_x_dbg\Debug/core.a(USBCore.cpp.o)
                0x20070f6c                _cend
 *fill*         0x20070f6e        0x2 
 .bss._usbConfiguration
                0x20070f70        0x4 C:\Users\hn\AppData\Local\Temp\VMBuilds\arduino\arduino_due_x_dbg\Debug/core.a(USBCore.cpp.o)
                0x20070f70                _usbConfiguration
 .bss.cdc_rx_buffer
                0x20070f74      0x208 C:\Users\hn\AppData\Local\Temp\VMBuilds\arduino\arduino_due_x_dbg\Debug/core.a(CDC.cpp.o)
                0x20070f74                cdc_rx_buffer
 .bss._ZZN7Serial_6acceptEvE5guard
                0x2007117c        0x4 C:\Users\hn\AppData\Local\Temp\VMBuilds\arduino\arduino_due_x_dbg\Debug/core.a(CDC.cpp.o)
 .bss.SerialUSB
                0x20071180       0x14 C:\Users\hn\AppData\Local\Temp\VMBuilds\arduino\arduino_due_x_dbg\Debug/core.a(CDC.cpp.o)
                0x20071180                SerialUSB
 .bss._ZZ12PluggableUSBvE3obj
                0x20071194        0x8 C:\Users\hn\AppData\Local\Temp\VMBuilds\arduino\arduino_due_x_dbg\Debug/core.a(PluggableUSB.cpp.o)
 .bss._ZGVZ12PluggableUSBvE3obj
                0x2007119c        0x4 C:\Users\hn\AppData\Local\Temp\VMBuilds\arduino\arduino_due_x_dbg\Debug/core.a(PluggableUSB.cpp.o)
 .bss._dwTickCount
                0x200711a0        0x4 C:\Users\hn\AppData\Local\arduino15\packages\arduino\hardware\sam\1.6.11\variants\arduino_due_x/libsam_sam3x8e_gcc_rel.a(timetick.o)
 .bss.ul_recv_fifo_ptr
                0x200711a4       0x28 C:\Users\hn\AppData\Local\arduino15\packages\arduino\hardware\sam\1.6.11\variants\arduino_due_x/libsam_sam3x8e_gcc_rel.a(uotghs_device.o)
 .bss.ul_send_fifo_ptr
                0x200711cc       0x28 C:\Users\hn\AppData\Local\arduino15\packages\arduino\hardware\sam\1.6.11\variants\arduino_due_x/libsam_sam3x8e_gcc_rel.a(uotghs_device.o)
 .bss.__malloc_max_total_mem
                0x200711f4        0x4 c:/users/hn/appdata/local/arduino15/packages/arduino/tools/arm-none-eabi-gcc/4.8.3-2014q1/bin/../lib/gcc/arm-none-eabi/4.8.3/../../../../arm-none-eabi/lib/armv7-m\libg.a(lib_a-mallocr.o)
                0x200711f4                __malloc_max_total_mem
 .bss.__malloc_max_sbrked_mem
                0x200711f8        0x4 c:/users/hn/appdata/local/arduino15/packages/arduino/tools/arm-none-eabi-gcc/4.8.3-2014q1/bin/../lib/gcc/arm-none-eabi/4.8.3/../../../../arm-none-eabi/lib/armv7-m\libg.a(lib_a-mallocr.o)
                0x200711f8                __malloc_max_sbrked_mem
 .bss.__malloc_top_pad
                0x200711fc        0x4 c:/users/hn/appdata/local/arduino15/packages/arduino/tools/arm-none-eabi-gcc/4.8.3-2014q1/bin/../lib/gcc/arm-none-eabi/4.8.3/../../../../arm-none-eabi/lib/armv7-m\libg.a(lib_a-mallocr.o)
                0x200711fc                __malloc_top_pad
 .bss.__malloc_current_mallinfo
                0x20071200       0x28 c:/users/hn/appdata/local/arduino15/packages/arduino/tools/arm-none-eabi-gcc/4.8.3-2014q1/bin/../lib/gcc/arm-none-eabi/4.8.3/../../../../arm-none-eabi/lib/armv7-m\libg.a(lib_a-mallocr.o)
                0x20071200                __malloc_current_mallinfo
 *(COMMON)
 COMMON         0x20071228        0x4 c:/users/hn/appdata/local/arduino15/packages/arduino/tools/arm-none-eabi-gcc/4.8.3-2014q1/bin/../lib/gcc/arm-none-eabi/4.8.3/../../../../arm-none-eabi/lib/armv7-m\libg.a(lib_a-reent.o)
                0x20071228                errno
                0x2007122c                . = ALIGN (0x4)
                0x2007122c                _ebss = .
                0x2007122c                _ezero = .
                0x2007122c                . = ALIGN (0x4)
                0x2007122c                _end = .

.stack_dummy    0x2007122c        0x0
 *(.stack*)
                0x20088000                __StackTop = (ORIGIN (ram) + 0x18000)
                0x20088000                __StackLimit = (__StackTop - SIZEOF (.stack_dummy))
                0x20088000                PROVIDE (_sstack, __StackLimit)
                0x20088000                PROVIDE (_estack, __StackTop)
OUTPUT(C:\Users\hn\AppData\Local\Temp\VMBuilds\arduino\arduino_due_x_dbg\Debug/arduino.ino.elf elf32-littlearm)

.ARM.attributes
                0x00000000       0x29
 .ARM.attributes
                0x00000000       0x1d c:/users/hn/appdata/local/arduino15/packages/arduino/tools/arm-none-eabi-gcc/4.8.3-2014q1/bin/../lib/gcc/arm-none-eabi/4.8.3/armv7-m/crti.o
 .ARM.attributes
                0x0000001d       0x2d c:/users/hn/appdata/local/arduino15/packages/arduino/tools/arm-none-eabi-gcc/4.8.3-2014q1/bin/../lib/gcc/arm-none-eabi/4.8.3/armv7-m/crtbegin.o
 .ARM.attributes
                0x0000004a       0x33 C:\Users\hn\AppData\Local\Temp\VMBuilds\arduino\arduino_due_x_dbg\Debug\arduino.cpp.o
 .ARM.attributes
                0x0000007d       0x33 C:\Users\hn\AppData\Local\Temp\VMBuilds\arduino\arduino_due_x_dbg\Debug\Wire\Wire.cpp.o
 .ARM.attributes
                0x000000b0       0x33 C:\Users\hn\AppData\Local\Temp\VMBuilds\arduino\arduino_due_x_dbg\Debug\Sabertooth\Sabertooth.cpp.o
 .ARM.attributes
                0x000000e3       0x33 C:\Users\hn\AppData\Local\Temp\VMBuilds\arduino\arduino_due_x_dbg\Debug\variant\variant.cpp.o
 .ARM.attributes
                0x00000116       0x33 C:\Users\hn\AppData\Local\arduino15\packages\arduino\hardware\sam\1.6.11\variants\arduino_due_x/libsam_sam3x8e_gcc_rel.a(pio.o)
 .ARM.attributes
                0x00000149       0x33 C:\Users\hn\AppData\Local\arduino15\packages\arduino\hardware\sam\1.6.11\variants\arduino_due_x/libsam_sam3x8e_gcc_rel.a(pmc.o)
 .ARM.attributes
                0x0000017c       0x33 C:\Users\hn\AppData\Local\arduino15\packages\arduino\hardware\sam\1.6.11\variants\arduino_due_x/libsam_sam3x8e_gcc_rel.a(twi.o)
 .ARM.attributes
                0x000001af       0x33 C:\Users\hn\AppData\Local\arduino15\packages\arduino\hardware\sam\1.6.11\variants\arduino_due_x/libsam_sam3x8e_gcc_rel.a(system_sam3xa.o)
 .ARM.attributes
                0x000001e2       0x33 C:\Users\hn\AppData\Local\arduino15\packages\arduino\hardware\sam\1.6.11\variants\arduino_due_x/libsam_sam3x8e_gcc_rel.a(startup_sam3xa.o)
 .ARM.attributes
                0x00000215       0x33 C:\Users\hn\AppData\Local\arduino15\packages\arduino\hardware\sam\1.6.11\variants\arduino_due_x/libsam_sam3x8e_gcc_rel.a(adc.o)
 .ARM.attributes
                0x00000248       0x33 C:\Users\hn\AppData\Local\arduino15\packages\arduino\hardware\sam\1.6.11\variants\arduino_due_x/libsam_sam3x8e_gcc_rel.a(uotghs.o)
 .ARM.attributes
                0x0000027b       0x33 C:\Users\hn\AppData\Local\Temp\VMBuilds\arduino\arduino_due_x_dbg\Debug/core.a(cortex_handlers.c.o)
 .ARM.attributes
                0x000002ae       0x33 C:\Users\hn\AppData\Local\Temp\VMBuilds\arduino\arduino_due_x_dbg\Debug/core.a(hooks.c.o)
 .ARM.attributes
                0x000002e1       0x33 C:\Users\hn\AppData\Local\Temp\VMBuilds\arduino\arduino_due_x_dbg\Debug/core.a(syscalls_sam3.c.o)
 .ARM.attributes
                0x00000314       0x33 C:\Users\hn\AppData\Local\Temp\VMBuilds\arduino\arduino_due_x_dbg\Debug/core.a(wiring.c.o)
 .ARM.attributes
                0x00000347       0x33 C:\Users\hn\AppData\Local\Temp\VMBuilds\arduino\arduino_due_x_dbg\Debug/core.a(wiring_analog.c.o)
 .ARM.attributes
                0x0000037a       0x33 C:\Users\hn\AppData\Local\Temp\VMBuilds\arduino\arduino_due_x_dbg\Debug/core.a(wiring_digital.c.o)
 .ARM.attributes
                0x000003ad       0x33 C:\Users\hn\AppData\Local\Temp\VMBuilds\arduino\arduino_due_x_dbg\Debug/core.a(main.cpp.o)
 .ARM.attributes
                0x000003e0       0x33 C:\Users\hn\AppData\Local\Temp\VMBuilds\arduino\arduino_due_x_dbg\Debug/core.a(Print.cpp.o)
 .ARM.attributes
                0x00000413       0x33 C:\Users\hn\AppData\Local\Temp\VMBuilds\arduino\arduino_due_x_dbg\Debug/core.a(Reset.cpp.o)
 .ARM.attributes
                0x00000446       0x33 C:\Users\hn\AppData\Local\Temp\VMBuilds\arduino\arduino_due_x_dbg\Debug/core.a(RingBuffer.cpp.o)
 .ARM.attributes
                0x00000479       0x33 C:\Users\hn\AppData\Local\Temp\VMBuilds\arduino\arduino_due_x_dbg\Debug/core.a(UARTClass.cpp.o)
 .ARM.attributes
                0x000004ac       0x33 C:\Users\hn\AppData\Local\Temp\VMBuilds\arduino\arduino_due_x_dbg\Debug/core.a(USARTClass.cpp.o)
 .ARM.attributes
                0x000004df       0x33 C:\Users\hn\AppData\Local\Temp\VMBuilds\arduino\arduino_due_x_dbg\Debug/core.a(watchdog.cpp.o)
 .ARM.attributes
                0x00000512       0x33 C:\Users\hn\AppData\Local\Temp\VMBuilds\arduino\arduino_due_x_dbg\Debug/core.a(USBCore.cpp.o)
 .ARM.attributes
                0x00000545       0x33 C:\Users\hn\AppData\Local\Temp\VMBuilds\arduino\arduino_due_x_dbg\Debug/core.a(CDC.cpp.o)
 .ARM.attributes
                0x00000578       0x33 C:\Users\hn\AppData\Local\Temp\VMBuilds\arduino\arduino_due_x_dbg\Debug/core.a(PluggableUSB.cpp.o)
 .ARM.attributes
                0x000005ab       0x33 C:\Users\hn\AppData\Local\arduino15\packages\arduino\hardware\sam\1.6.11\variants\arduino_due_x/libsam_sam3x8e_gcc_rel.a(timetick.o)
 .ARM.attributes
                0x000005de       0x33 C:\Users\hn\AppData\Local\arduino15\packages\arduino\hardware\sam\1.6.11\variants\arduino_due_x/libsam_sam3x8e_gcc_rel.a(wdt.o)
 .ARM.attributes
                0x00000611       0x33 C:\Users\hn\AppData\Local\arduino15\packages\arduino\hardware\sam\1.6.11\variants\arduino_due_x/libsam_sam3x8e_gcc_rel.a(interrupt_sam_nvic.o)
 .ARM.attributes
                0x00000644       0x33 C:\Users\hn\AppData\Local\arduino15\packages\arduino\hardware\sam\1.6.11\variants\arduino_due_x/libsam_sam3x8e_gcc_rel.a(uotghs_device.o)
 .ARM.attributes
                0x00000677       0x2d c:/users/hn/appdata/local/arduino15/packages/arduino/tools/arm-none-eabi-gcc/4.8.3-2014q1/bin/../lib/gcc/arm-none-eabi/4.8.3/../../../../arm-none-eabi/lib/armv7-m\libg.a(lib_a-assert.o)
 .ARM.attributes
                0x000006a4       0x2d c:/users/hn/appdata/local/arduino15/packages/arduino/tools/arm-none-eabi-gcc/4.8.3-2014q1/bin/../lib/gcc/arm-none-eabi/4.8.3/../../../../arm-none-eabi/lib/armv7-m\libg.a(lib_a-fiprintf.o)
 .ARM.attributes